[INFO] Scanning for projects...
[INFO] 
[INFO] -----------------------< com.rev.app:RevHire_P2 >-----------------------
[INFO] Building RevHire_P2 0.0.1-SNAPSHOT
[INFO]   from pom.xml
[INFO] --------------------------------[ jar ]---------------------------------
[INFO] 
[INFO] --- clean:3.4.1:clean (default-clean) @ RevHire_P2 ---
[INFO] Deleting C:\Users\anilk\Documents\workspace-spring-tools-for-eclipse-5.0.1.RELEASE\P2_RevHire\target
[INFO] 
[INFO] --- resources:3.3.1:resources (default-resources) @ RevHire_P2 ---
[INFO] Copying 1 resource from src\main\resources to target\classes
[INFO] Copying 22 resources from src\main\resources to target\classes
[INFO] 
[INFO] --- compiler:3.13.0:compile (default-compile) @ RevHire_P2 ---
[INFO] Recompiling the module because of changed source code.
[INFO] Compiling 68 source files with javac [debug parameters release 17] to target\classes
[INFO] -------------------------------------------------------------
[ERROR] COMPILATION ERROR : 
[INFO] -------------------------------------------------------------
[ERROR] /C:/Users/anilk/Documents/workspace-spring-tools-for-eclipse-5.0.1.RELEASE/P2_RevHire/src/main/java/com/rev/app/service/impl/JobServiceImpl.java:[22,13] cannot find symbol
  symbol:   class JobRepository
  location: class com.rev.app.service.impl.JobServiceImpl
[INFO] 1 error
[INFO] -------------------------------------------------------------
[INFO] ------------------------------------------------------------------------
[INFO] BUILD FAILURE
[INFO] ------------------------------------------------------------------------
[INFO] Total time:  7.412 s
[INFO] Finished at: 2026-03-02T22:28:11+05:30
[INFO] ------------------------------------------------------------------------
[ERROR] Failed to execute goal org.apache.maven.plugins:maven-compiler-plugin:3.13.0:compile (default-compile) on project RevHire_P2: Compilation failure
[ERROR] /C:/Users/anilk/Documents/workspace-spring-tools-for-eclipse-5.0.1.RELEASE/P2_RevHire/src/main/java/com/rev/app/service/impl/JobServiceImpl.java:[22,13] cannot find symbol
[ERROR]   symbol:   class JobRepository
[ERROR]   location: class com.rev.app.service.impl.JobServiceImpl
[ERROR] -> [Help 1]
[ERROR] 
[ERROR] To see the full stack trace of the errors, re-run Maven with the -e switch.
[ERROR] Re-run Maven using the -X switch to enable full debug logging.
[ERROR] 
[ERROR] For more information about the errors and possible solutions, please read the following articles:
[ERROR] [Help 1] http://cwiki.apache.org/confluence/display/MAVEN/MojoFailureException
