[INFO] Scanning for projects...
[INFO] 
[INFO] -----------------------< com.rev.app:RevHire_P2 >-----------------------
[INFO] Building RevHire_P2 0.0.1-SNAPSHOT
[INFO]   from pom.xml
[INFO] --------------------------------[ jar ]---------------------------------
[INFO] 
[INFO] --- clean:3.5.0:clean (default-clean) @ RevHire_P2 ---
[INFO] Deleting C:\Users\anilk\OneDrive\Desktop\RevHire_P2\target
[INFO] ------------------------------------------------------------------------
[INFO] BUILD FAILURE
[INFO] ------------------------------------------------------------------------
[INFO] Total time:  2.343 s
[INFO] Finished at: 2026-02-23T22:55:46+05:30
[INFO] ------------------------------------------------------------------------
[ERROR] Failed to execute goal org.apache.maven.plugins:maven-clean-plugin:3.5.0:clean (default-clean) on project RevHire_P2: Failed to clean project: Failed to delete C:\Users\anilk\OneDrive\Desktop\RevHire_P2\target\classes\com\rev\app\config -> [Help 1]
[ERROR] 
[ERROR] To see the full stack trace of the errors, re-run Maven with the -e switch.
[ERROR] Re-run Maven using the -X switch to enable full debug logging.
[ERROR] 
[ERROR] For more information about the errors and possible solutions, please read the following articles:
[ERROR] [Help 1] http://cwiki.apache.org/confluence/display/MAVEN/MojoExecutionException
