[INFO] Scanning for projects...
[INFO] 
[INFO] -----------------------< com.rev.app:RevHire_P2 >-----------------------
[INFO] Building RevHire_P2 0.0.1-SNAPSHOT
[INFO]   from pom.xml
[INFO] --------------------------------[ jar ]---------------------------------
[INFO] 
[INFO] --- resources:3.3.1:resources (default-resources) @ RevHire_P2 ---
[INFO] Copying 1 resource from src\main\resources to target\classes
[INFO] Copying 25 resources from src\main\resources to target\classes
[INFO] 
[INFO] --- compiler:3.13.0:compile (default-compile) @ RevHire_P2 ---
[INFO] Nothing to compile - all classes are up to date.
[INFO] 
[INFO] --- resources:3.3.1:testResources (default-testResources) @ RevHire_P2 ---
[INFO] skip non existing resourceDirectory C:\Users\anilk\Documents\workspace-spring-tools-for-eclipse-5.0.1.RELEASE\P2_RevHire\src\test\resources
[INFO] 
[INFO] --- compiler:3.13.0:testCompile (default-testCompile) @ RevHire_P2 ---
[INFO] Recompiling the module because of changed source code.
[INFO] Compiling 25 source files with javac [debug parameters release 17] to target\test-classes
[INFO] /C:/Users/anilk/Documents/workspace-spring-tools-for-eclipse-5.0.1.RELEASE/P2_RevHire/src/test/java/com/rev/app/rest/AuthRestControllerTest.java: Some input files additionally use or override a deprecated API that is marked for removal.
[INFO] -------------------------------------------------------------
[WARNING] COMPILATION WARNING : 
[INFO] -------------------------------------------------------------
[WARNING] /C:/Users/anilk/Documents/workspace-spring-tools-for-eclipse-5.0.1.RELEASE/P2_RevHire/src/test/java/com/rev/app/controller/AuthControllerTest.java:[23,6] org.springframework.boot.test.mock.mockito.MockBean in org.springframework.boot.test.mock.mockito has been deprecated and marked for removal
[WARNING] /C:/Users/anilk/Documents/workspace-spring-tools-for-eclipse-5.0.1.RELEASE/P2_RevHire/src/test/java/com/rev/app/controller/AuthControllerTest.java:[23,6] org.springframework.boot.test.mock.mockito.MockBean in org.springframework.boot.test.mock.mockito has been deprecated and marked for removal
[WARNING] /C:/Users/anilk/Documents/workspace-spring-tools-for-eclipse-5.0.1.RELEASE/P2_RevHire/src/test/java/com/rev/app/controller/AuthControllerTest.java:[23,6] org.springframework.boot.test.mock.mockito.MockBean in org.springframework.boot.test.mock.mockito has been deprecated and marked for removal
[WARNING] /C:/Users/anilk/Documents/workspace-spring-tools-for-eclipse-5.0.1.RELEASE/P2_RevHire/src/test/java/com/rev/app/controller/AuthControllerTest.java:[23,6] org.springframework.boot.test.mock.mockito.MockBean in org.springframework.boot.test.mock.mockito has been deprecated and marked for removal
[WARNING] /C:/Users/anilk/Documents/workspace-spring-tools-for-eclipse-5.0.1.RELEASE/P2_RevHire/src/test/java/com/rev/app/controller/AuthControllerTest.java:[23,6] org.springframework.boot.test.mock.mockito.MockBean in org.springframework.boot.test.mock.mockito has been deprecated and marked for removal
[WARNING] /C:/Users/anilk/Documents/workspace-spring-tools-for-eclipse-5.0.1.RELEASE/P2_RevHire/src/test/java/com/rev/app/controller/AuthControllerTest.java:[26,6] org.springframework.boot.test.mock.mockito.MockBean in org.springframework.boot.test.mock.mockito has been deprecated and marked for removal
[WARNING] /C:/Users/anilk/Documents/workspace-spring-tools-for-eclipse-5.0.1.RELEASE/P2_RevHire/src/test/java/com/rev/app/controller/AuthControllerTest.java:[26,6] org.springframework.boot.test.mock.mockito.MockBean in org.springframework.boot.test.mock.mockito has been deprecated and marked for removal
[WARNING] /C:/Users/anilk/Documents/workspace-spring-tools-for-eclipse-5.0.1.RELEASE/P2_RevHire/src/test/java/com/rev/app/controller/AuthControllerTest.java:[26,6] org.springframework.boot.test.mock.mockito.MockBean in org.springframework.boot.test.mock.mockito has been deprecated and marked for removal
[WARNING] /C:/Users/anilk/Documents/workspace-spring-tools-for-eclipse-5.0.1.RELEASE/P2_RevHire/src/test/java/com/rev/app/controller/AuthControllerTest.java:[26,6] org.springframework.boot.test.mock.mockito.MockBean in org.springframework.boot.test.mock.mockito has been deprecated and marked for removal
[WARNING] /C:/Users/anilk/Documents/workspace-spring-tools-for-eclipse-5.0.1.RELEASE/P2_RevHire/src/test/java/com/rev/app/controller/AuthControllerTest.java:[26,6] org.springframework.boot.test.mock.mockito.MockBean in org.springframework.boot.test.mock.mockito has been deprecated and marked for removal
[WARNING] /C:/Users/anilk/Documents/workspace-spring-tools-for-eclipse-5.0.1.RELEASE/P2_RevHire/src/test/java/com/rev/app/controller/AuthControllerTest.java:[29,6] org.springframework.boot.test.mock.mockito.MockBean in org.springframework.boot.test.mock.mockito has been deprecated and marked for removal
[WARNING] /C:/Users/anilk/Documents/workspace-spring-tools-for-eclipse-5.0.1.RELEASE/P2_RevHire/src/test/java/com/rev/app/controller/AuthControllerTest.java:[29,6] org.springframework.boot.test.mock.mockito.MockBean in org.springframework.boot.test.mock.mockito has been deprecated and marked for removal
[WARNING] /C:/Users/anilk/Documents/workspace-spring-tools-for-eclipse-5.0.1.RELEASE/P2_RevHire/src/test/java/com/rev/app/controller/AuthControllerTest.java:[29,6] org.springframework.boot.test.mock.mockito.MockBean in org.springframework.boot.test.mock.mockito has been deprecated and marked for removal
[WARNING] /C:/Users/anilk/Documents/workspace-spring-tools-for-eclipse-5.0.1.RELEASE/P2_RevHire/src/test/java/com/rev/app/controller/AuthControllerTest.java:[29,6] org.springframework.boot.test.mock.mockito.MockBean in org.springframework.boot.test.mock.mockito has been deprecated and marked for removal
[WARNING] /C:/Users/anilk/Documents/workspace-spring-tools-for-eclipse-5.0.1.RELEASE/P2_RevHire/src/test/java/com/rev/app/controller/AuthControllerTest.java:[29,6] org.springframework.boot.test.mock.mockito.MockBean in org.springframework.boot.test.mock.mockito has been deprecated and marked for removal
[WARNING] /C:/Users/anilk/Documents/workspace-spring-tools-for-eclipse-5.0.1.RELEASE/P2_RevHire/src/test/java/com/rev/app/controller/EmployerControllerTest.java:[31,6] org.springframework.boot.test.mock.mockito.MockBean in org.springframework.boot.test.mock.mockito has been deprecated and marked for removal
[WARNING] /C:/Users/anilk/Documents/workspace-spring-tools-for-eclipse-5.0.1.RELEASE/P2_RevHire/src/test/java/com/rev/app/controller/EmployerControllerTest.java:[31,6] org.springframework.boot.test.mock.mockito.MockBean in org.springframework.boot.test.mock.mockito has been deprecated and marked for removal
[WARNING] /C:/Users/anilk/Documents/workspace-spring-tools-for-eclipse-5.0.1.RELEASE/P2_RevHire/src/test/java/com/rev/app/controller/EmployerControllerTest.java:[31,6] org.springframework.boot.test.mock.mockito.MockBean in org.springframework.boot.test.mock.mockito has been deprecated and marked for removal
[WARNING] /C:/Users/anilk/Documents/workspace-spring-tools-for-eclipse-5.0.1.RELEASE/P2_RevHire/src/test/java/com/rev/app/controller/EmployerControllerTest.java:[31,6] org.springframework.boot.test.mock.mockito.MockBean in org.springframework.boot.test.mock.mockito has been deprecated and marked for removal
[WARNING] /C:/Users/anilk/Documents/workspace-spring-tools-for-eclipse-5.0.1.RELEASE/P2_RevHire/src/test/java/com/rev/app/controller/EmployerControllerTest.java:[31,6] org.springframework.boot.test.mock.mockito.MockBean in org.springframework.boot.test.mock.mockito has been deprecated and marked for removal
[WARNING] /C:/Users/anilk/Documents/workspace-spring-tools-for-eclipse-5.0.1.RELEASE/P2_RevHire/src/test/java/com/rev/app/controller/EmployerControllerTest.java:[34,6] org.springframework.boot.test.mock.mockito.MockBean in org.springframework.boot.test.mock.mockito has been deprecated and marked for removal
[WARNING] /C:/Users/anilk/Documents/workspace-spring-tools-for-eclipse-5.0.1.RELEASE/P2_RevHire/src/test/java/com/rev/app/controller/EmployerControllerTest.java:[34,6] org.springframework.boot.test.mock.mockito.MockBean in org.springframework.boot.test.mock.mockito has been deprecated and marked for removal
[WARNING] /C:/Users/anilk/Documents/workspace-spring-tools-for-eclipse-5.0.1.RELEASE/P2_RevHire/src/test/java/com/rev/app/controller/EmployerControllerTest.java:[34,6] org.springframework.boot.test.mock.mockito.MockBean in org.springframework.boot.test.mock.mockito has been deprecated and marked for removal
[WARNING] /C:/Users/anilk/Documents/workspace-spring-tools-for-eclipse-5.0.1.RELEASE/P2_RevHire/src/test/java/com/rev/app/controller/EmployerControllerTest.java:[34,6] org.springframework.boot.test.mock.mockito.MockBean in org.springframework.boot.test.mock.mockito has been deprecated and marked for removal
[WARNING] /C:/Users/anilk/Documents/workspace-spring-tools-for-eclipse-5.0.1.RELEASE/P2_RevHire/src/test/java/com/rev/app/controller/EmployerControllerTest.java:[34,6] org.springframework.boot.test.mock.mockito.MockBean in org.springframework.boot.test.mock.mockito has been deprecated and marked for removal
[WARNING] /C:/Users/anilk/Documents/workspace-spring-tools-for-eclipse-5.0.1.RELEASE/P2_RevHire/src/test/java/com/rev/app/controller/EmployerControllerTest.java:[37,6] org.springframework.boot.test.mock.mockito.MockBean in org.springframework.boot.test.mock.mockito has been deprecated and marked for removal
[WARNING] /C:/Users/anilk/Documents/workspace-spring-tools-for-eclipse-5.0.1.RELEASE/P2_RevHire/src/test/java/com/rev/app/controller/EmployerControllerTest.java:[37,6] org.springframework.boot.test.mock.mockito.MockBean in org.springframework.boot.test.mock.mockito has been deprecated and marked for removal
[WARNING] /C:/Users/anilk/Documents/workspace-spring-tools-for-eclipse-5.0.1.RELEASE/P2_RevHire/src/test/java/com/rev/app/controller/EmployerControllerTest.java:[37,6] org.springframework.boot.test.mock.mockito.MockBean in org.springframework.boot.test.mock.mockito has been deprecated and marked for removal
[WARNING] /C:/Users/anilk/Documents/workspace-spring-tools-for-eclipse-5.0.1.RELEASE/P2_RevHire/src/test/java/com/rev/app/controller/EmployerControllerTest.java:[37,6] org.springframework.boot.test.mock.mockito.MockBean in org.springframework.boot.test.mock.mockito has been deprecated and marked for removal
[WARNING] /C:/Users/anilk/Documents/workspace-spring-tools-for-eclipse-5.0.1.RELEASE/P2_RevHire/src/test/java/com/rev/app/controller/EmployerControllerTest.java:[37,6] org.springframework.boot.test.mock.mockito.MockBean in org.springframework.boot.test.mock.mockito has been deprecated and marked for removal
[WARNING] /C:/Users/anilk/Documents/workspace-spring-tools-for-eclipse-5.0.1.RELEASE/P2_RevHire/src/test/java/com/rev/app/controller/EmployerControllerTest.java:[40,6] org.springframework.boot.test.mock.mockito.MockBean in org.springframework.boot.test.mock.mockito has been deprecated and marked for removal
[WARNING] /C:/Users/anilk/Documents/workspace-spring-tools-for-eclipse-5.0.1.RELEASE/P2_RevHire/src/test/java/com/rev/app/controller/EmployerControllerTest.java:[40,6] org.springframework.boot.test.mock.mockito.MockBean in org.springframework.boot.test.mock.mockito has been deprecated and marked for removal
[WARNING] /C:/Users/anilk/Documents/workspace-spring-tools-for-eclipse-5.0.1.RELEASE/P2_RevHire/src/test/java/com/rev/app/controller/EmployerControllerTest.java:[40,6] org.springframework.boot.test.mock.mockito.MockBean in org.springframework.boot.test.mock.mockito has been deprecated and marked for removal
[WARNING] /C:/Users/anilk/Documents/workspace-spring-tools-for-eclipse-5.0.1.RELEASE/P2_RevHire/src/test/java/com/rev/app/controller/EmployerControllerTest.java:[40,6] org.springframework.boot.test.mock.mockito.MockBean in org.springframework.boot.test.mock.mockito has been deprecated and marked for removal
[WARNING] /C:/Users/anilk/Documents/workspace-spring-tools-for-eclipse-5.0.1.RELEASE/P2_RevHire/src/test/java/com/rev/app/controller/EmployerControllerTest.java:[40,6] org.springframework.boot.test.mock.mockito.MockBean in org.springframework.boot.test.mock.mockito has been deprecated and marked for removal
[WARNING] /C:/Users/anilk/Documents/workspace-spring-tools-for-eclipse-5.0.1.RELEASE/P2_RevHire/src/test/java/com/rev/app/controller/EmployerControllerTest.java:[43,6] org.springframework.boot.test.mock.mockito.MockBean in org.springframework.boot.test.mock.mockito has been deprecated and marked for removal
[WARNING] /C:/Users/anilk/Documents/workspace-spring-tools-for-eclipse-5.0.1.RELEASE/P2_RevHire/src/test/java/com/rev/app/controller/EmployerControllerTest.java:[43,6] org.springframework.boot.test.mock.mockito.MockBean in org.springframework.boot.test.mock.mockito has been deprecated and marked for removal
[WARNING] /C:/Users/anilk/Documents/workspace-spring-tools-for-eclipse-5.0.1.RELEASE/P2_RevHire/src/test/java/com/rev/app/controller/EmployerControllerTest.java:[43,6] org.springframework.boot.test.mock.mockito.MockBean in org.springframework.boot.test.mock.mockito has been deprecated and marked for removal
[WARNING] /C:/Users/anilk/Documents/workspace-spring-tools-for-eclipse-5.0.1.RELEASE/P2_RevHire/src/test/java/com/rev/app/controller/EmployerControllerTest.java:[43,6] org.springframework.boot.test.mock.mockito.MockBean in org.springframework.boot.test.mock.mockito has been deprecated and marked for removal
[WARNING] /C:/Users/anilk/Documents/workspace-spring-tools-for-eclipse-5.0.1.RELEASE/P2_RevHire/src/test/java/com/rev/app/controller/EmployerControllerTest.java:[43,6] org.springframework.boot.test.mock.mockito.MockBean in org.springframework.boot.test.mock.mockito has been deprecated and marked for removal
[WARNING] /C:/Users/anilk/Documents/workspace-spring-tools-for-eclipse-5.0.1.RELEASE/P2_RevHire/src/test/java/com/rev/app/controller/EmployerControllerTest.java:[46,6] org.springframework.boot.test.mock.mockito.MockBean in org.springframework.boot.test.mock.mockito has been deprecated and marked for removal
[WARNING] /C:/Users/anilk/Documents/workspace-spring-tools-for-eclipse-5.0.1.RELEASE/P2_RevHire/src/test/java/com/rev/app/controller/EmployerControllerTest.java:[46,6] org.springframework.boot.test.mock.mockito.MockBean in org.springframework.boot.test.mock.mockito has been deprecated and marked for removal
[WARNING] /C:/Users/anilk/Documents/workspace-spring-tools-for-eclipse-5.0.1.RELEASE/P2_RevHire/src/test/java/com/rev/app/controller/EmployerControllerTest.java:[46,6] org.springframework.boot.test.mock.mockito.MockBean in org.springframework.boot.test.mock.mockito has been deprecated and marked for removal
[WARNING] /C:/Users/anilk/Documents/workspace-spring-tools-for-eclipse-5.0.1.RELEASE/P2_RevHire/src/test/java/com/rev/app/controller/EmployerControllerTest.java:[46,6] org.springframework.boot.test.mock.mockito.MockBean in org.springframework.boot.test.mock.mockito has been deprecated and marked for removal
[WARNING] /C:/Users/anilk/Documents/workspace-spring-tools-for-eclipse-5.0.1.RELEASE/P2_RevHire/src/test/java/com/rev/app/controller/EmployerControllerTest.java:[46,6] org.springframework.boot.test.mock.mockito.MockBean in org.springframework.boot.test.mock.mockito has been deprecated and marked for removal
[WARNING] /C:/Users/anilk/Documents/workspace-spring-tools-for-eclipse-5.0.1.RELEASE/P2_RevHire/src/test/java/com/rev/app/controller/EmployerControllerTest.java:[49,6] org.springframework.boot.test.mock.mockito.MockBean in org.springframework.boot.test.mock.mockito has been deprecated and marked for removal
[WARNING] /C:/Users/anilk/Documents/workspace-spring-tools-for-eclipse-5.0.1.RELEASE/P2_RevHire/src/test/java/com/rev/app/controller/EmployerControllerTest.java:[49,6] org.springframework.boot.test.mock.mockito.MockBean in org.springframework.boot.test.mock.mockito has been deprecated and marked for removal
[WARNING] /C:/Users/anilk/Documents/workspace-spring-tools-for-eclipse-5.0.1.RELEASE/P2_RevHire/src/test/java/com/rev/app/controller/EmployerControllerTest.java:[49,6] org.springframework.boot.test.mock.mockito.MockBean in org.springframework.boot.test.mock.mockito has been deprecated and marked for removal
[WARNING] /C:/Users/anilk/Documents/workspace-spring-tools-for-eclipse-5.0.1.RELEASE/P2_RevHire/src/test/java/com/rev/app/controller/EmployerControllerTest.java:[49,6] org.springframework.boot.test.mock.mockito.MockBean in org.springframework.boot.test.mock.mockito has been deprecated and marked for removal
[WARNING] /C:/Users/anilk/Documents/workspace-spring-tools-for-eclipse-5.0.1.RELEASE/P2_RevHire/src/test/java/com/rev/app/controller/EmployerControllerTest.java:[49,6] org.springframework.boot.test.mock.mockito.MockBean in org.springframework.boot.test.mock.mockito has been deprecated and marked for removal
[WARNING] /C:/Users/anilk/Documents/workspace-spring-tools-for-eclipse-5.0.1.RELEASE/P2_RevHire/src/test/java/com/rev/app/controller/SeekerControllerTest.java:[33,6] org.springframework.boot.test.mock.mockito.MockBean in org.springframework.boot.test.mock.mockito has been deprecated and marked for removal
[WARNING] /C:/Users/anilk/Documents/workspace-spring-tools-for-eclipse-5.0.1.RELEASE/P2_RevHire/src/test/java/com/rev/app/controller/SeekerControllerTest.java:[33,6] org.springframework.boot.test.mock.mockito.MockBean in org.springframework.boot.test.mock.mockito has been deprecated and marked for removal
[WARNING] /C:/Users/anilk/Documents/workspace-spring-tools-for-eclipse-5.0.1.RELEASE/P2_RevHire/src/test/java/com/rev/app/controller/SeekerControllerTest.java:[33,6] org.springframework.boot.test.mock.mockito.MockBean in org.springframework.boot.test.mock.mockito has been deprecated and marked for removal
[WARNING] /C:/Users/anilk/Documents/workspace-spring-tools-for-eclipse-5.0.1.RELEASE/P2_RevHire/src/test/java/com/rev/app/controller/SeekerControllerTest.java:[33,6] org.springframework.boot.test.mock.mockito.MockBean in org.springframework.boot.test.mock.mockito has been deprecated and marked for removal
[WARNING] /C:/Users/anilk/Documents/workspace-spring-tools-for-eclipse-5.0.1.RELEASE/P2_RevHire/src/test/java/com/rev/app/controller/SeekerControllerTest.java:[33,6] org.springframework.boot.test.mock.mockito.MockBean in org.springframework.boot.test.mock.mockito has been deprecated and marked for removal
[WARNING] /C:/Users/anilk/Documents/workspace-spring-tools-for-eclipse-5.0.1.RELEASE/P2_RevHire/src/test/java/com/rev/app/controller/SeekerControllerTest.java:[36,6] org.springframework.boot.test.mock.mockito.MockBean in org.springframework.boot.test.mock.mockito has been deprecated and marked for removal
[WARNING] /C:/Users/anilk/Documents/workspace-spring-tools-for-eclipse-5.0.1.RELEASE/P2_RevHire/src/test/java/com/rev/app/controller/SeekerControllerTest.java:[36,6] org.springframework.boot.test.mock.mockito.MockBean in org.springframework.boot.test.mock.mockito has been deprecated and marked for removal
[WARNING] /C:/Users/anilk/Documents/workspace-spring-tools-for-eclipse-5.0.1.RELEASE/P2_RevHire/src/test/java/com/rev/app/controller/SeekerControllerTest.java:[36,6] org.springframework.boot.test.mock.mockito.MockBean in org.springframework.boot.test.mock.mockito has been deprecated and marked for removal
[WARNING] /C:/Users/anilk/Documents/workspace-spring-tools-for-eclipse-5.0.1.RELEASE/P2_RevHire/src/test/java/com/rev/app/controller/SeekerControllerTest.java:[36,6] org.springframework.boot.test.mock.mockito.MockBean in org.springframework.boot.test.mock.mockito has been deprecated and marked for removal
[WARNING] /C:/Users/anilk/Documents/workspace-spring-tools-for-eclipse-5.0.1.RELEASE/P2_RevHire/src/test/java/com/rev/app/controller/SeekerControllerTest.java:[36,6] org.springframework.boot.test.mock.mockito.MockBean in org.springframework.boot.test.mock.mockito has been deprecated and marked for removal
[WARNING] /C:/Users/anilk/Documents/workspace-spring-tools-for-eclipse-5.0.1.RELEASE/P2_RevHire/src/test/java/com/rev/app/controller/SeekerControllerTest.java:[39,6] org.springframework.boot.test.mock.mockito.MockBean in org.springframework.boot.test.mock.mockito has been deprecated and marked for removal
[WARNING] /C:/Users/anilk/Documents/workspace-spring-tools-for-eclipse-5.0.1.RELEASE/P2_RevHire/src/test/java/com/rev/app/controller/SeekerControllerTest.java:[39,6] org.springframework.boot.test.mock.mockito.MockBean in org.springframework.boot.test.mock.mockito has been deprecated and marked for removal
[WARNING] /C:/Users/anilk/Documents/workspace-spring-tools-for-eclipse-5.0.1.RELEASE/P2_RevHire/src/test/java/com/rev/app/controller/SeekerControllerTest.java:[39,6] org.springframework.boot.test.mock.mockito.MockBean in org.springframework.boot.test.mock.mockito has been deprecated and marked for removal
[WARNING] /C:/Users/anilk/Documents/workspace-spring-tools-for-eclipse-5.0.1.RELEASE/P2_RevHire/src/test/java/com/rev/app/controller/SeekerControllerTest.java:[39,6] org.springframework.boot.test.mock.mockito.MockBean in org.springframework.boot.test.mock.mockito has been deprecated and marked for removal
[WARNING] /C:/Users/anilk/Documents/workspace-spring-tools-for-eclipse-5.0.1.RELEASE/P2_RevHire/src/test/java/com/rev/app/controller/SeekerControllerTest.java:[39,6] org.springframework.boot.test.mock.mockito.MockBean in org.springframework.boot.test.mock.mockito has been deprecated and marked for removal
[WARNING] /C:/Users/anilk/Documents/workspace-spring-tools-for-eclipse-5.0.1.RELEASE/P2_RevHire/src/test/java/com/rev/app/controller/SeekerControllerTest.java:[42,6] org.springframework.boot.test.mock.mockito.MockBean in org.springframework.boot.test.mock.mockito has been deprecated and marked for removal
[WARNING] /C:/Users/anilk/Documents/workspace-spring-tools-for-eclipse-5.0.1.RELEASE/P2_RevHire/src/test/java/com/rev/app/controller/SeekerControllerTest.java:[42,6] org.springframework.boot.test.mock.mockito.MockBean in org.springframework.boot.test.mock.mockito has been deprecated and marked for removal
[WARNING] /C:/Users/anilk/Documents/workspace-spring-tools-for-eclipse-5.0.1.RELEASE/P2_RevHire/src/test/java/com/rev/app/controller/SeekerControllerTest.java:[42,6] org.springframework.boot.test.mock.mockito.MockBean in org.springframework.boot.test.mock.mockito has been deprecated and marked for removal
[WARNING] /C:/Users/anilk/Documents/workspace-spring-tools-for-eclipse-5.0.1.RELEASE/P2_RevHire/src/test/java/com/rev/app/controller/SeekerControllerTest.java:[42,6] org.springframework.boot.test.mock.mockito.MockBean in org.springframework.boot.test.mock.mockito has been deprecated and marked for removal
[WARNING] /C:/Users/anilk/Documents/workspace-spring-tools-for-eclipse-5.0.1.RELEASE/P2_RevHire/src/test/java/com/rev/app/controller/SeekerControllerTest.java:[42,6] org.springframework.boot.test.mock.mockito.MockBean in org.springframework.boot.test.mock.mockito has been deprecated and marked for removal
[WARNING] /C:/Users/anilk/Documents/workspace-spring-tools-for-eclipse-5.0.1.RELEASE/P2_RevHire/src/test/java/com/rev/app/controller/SeekerControllerTest.java:[45,6] org.springframework.boot.test.mock.mockito.MockBean in org.springframework.boot.test.mock.mockito has been deprecated and marked for removal
[WARNING] /C:/Users/anilk/Documents/workspace-spring-tools-for-eclipse-5.0.1.RELEASE/P2_RevHire/src/test/java/com/rev/app/controller/SeekerControllerTest.java:[45,6] org.springframework.boot.test.mock.mockito.MockBean in org.springframework.boot.test.mock.mockito has been deprecated and marked for removal
[WARNING] /C:/Users/anilk/Documents/workspace-spring-tools-for-eclipse-5.0.1.RELEASE/P2_RevHire/src/test/java/com/rev/app/controller/SeekerControllerTest.java:[45,6] org.springframework.boot.test.mock.mockito.MockBean in org.springframework.boot.test.mock.mockito has been deprecated and marked for removal
[WARNING] /C:/Users/anilk/Documents/workspace-spring-tools-for-eclipse-5.0.1.RELEASE/P2_RevHire/src/test/java/com/rev/app/controller/SeekerControllerTest.java:[45,6] org.springframework.boot.test.mock.mockito.MockBean in org.springframework.boot.test.mock.mockito has been deprecated and marked for removal
[WARNING] /C:/Users/anilk/Documents/workspace-spring-tools-for-eclipse-5.0.1.RELEASE/P2_RevHire/src/test/java/com/rev/app/controller/SeekerControllerTest.java:[45,6] org.springframework.boot.test.mock.mockito.MockBean in org.springframework.boot.test.mock.mockito has been deprecated and marked for removal
[WARNING] /C:/Users/anilk/Documents/workspace-spring-tools-for-eclipse-5.0.1.RELEASE/P2_RevHire/src/test/java/com/rev/app/controller/SeekerControllerTest.java:[48,6] org.springframework.boot.test.mock.mockito.MockBean in org.springframework.boot.test.mock.mockito has been deprecated and marked for removal
[WARNING] /C:/Users/anilk/Documents/workspace-spring-tools-for-eclipse-5.0.1.RELEASE/P2_RevHire/src/test/java/com/rev/app/controller/SeekerControllerTest.java:[48,6] org.springframework.boot.test.mock.mockito.MockBean in org.springframework.boot.test.mock.mockito has been deprecated and marked for removal
[WARNING] /C:/Users/anilk/Documents/workspace-spring-tools-for-eclipse-5.0.1.RELEASE/P2_RevHire/src/test/java/com/rev/app/controller/SeekerControllerTest.java:[48,6] org.springframework.boot.test.mock.mockito.MockBean in org.springframework.boot.test.mock.mockito has been deprecated and marked for removal
[WARNING] /C:/Users/anilk/Documents/workspace-spring-tools-for-eclipse-5.0.1.RELEASE/P2_RevHire/src/test/java/com/rev/app/controller/SeekerControllerTest.java:[48,6] org.springframework.boot.test.mock.mockito.MockBean in org.springframework.boot.test.mock.mockito has been deprecated and marked for removal
[WARNING] /C:/Users/anilk/Documents/workspace-spring-tools-for-eclipse-5.0.1.RELEASE/P2_RevHire/src/test/java/com/rev/app/controller/SeekerControllerTest.java:[48,6] org.springframework.boot.test.mock.mockito.MockBean in org.springframework.boot.test.mock.mockito has been deprecated and marked for removal
[WARNING] /C:/Users/anilk/Documents/workspace-spring-tools-for-eclipse-5.0.1.RELEASE/P2_RevHire/src/test/java/com/rev/app/controller/SeekerControllerTest.java:[51,6] org.springframework.boot.test.mock.mockito.MockBean in org.springframework.boot.test.mock.mockito has been deprecated and marked for removal
[WARNING] /C:/Users/anilk/Documents/workspace-spring-tools-for-eclipse-5.0.1.RELEASE/P2_RevHire/src/test/java/com/rev/app/controller/SeekerControllerTest.java:[51,6] org.springframework.boot.test.mock.mockito.MockBean in org.springframework.boot.test.mock.mockito has been deprecated and marked for removal
[WARNING] /C:/Users/anilk/Documents/workspace-spring-tools-for-eclipse-5.0.1.RELEASE/P2_RevHire/src/test/java/com/rev/app/controller/SeekerControllerTest.java:[51,6] org.springframework.boot.test.mock.mockito.MockBean in org.springframework.boot.test.mock.mockito has been deprecated and marked for removal
[WARNING] /C:/Users/anilk/Documents/workspace-spring-tools-for-eclipse-5.0.1.RELEASE/P2_RevHire/src/test/java/com/rev/app/controller/SeekerControllerTest.java:[51,6] org.springframework.boot.test.mock.mockito.MockBean in org.springframework.boot.test.mock.mockito has been deprecated and marked for removal
[WARNING] /C:/Users/anilk/Documents/workspace-spring-tools-for-eclipse-5.0.1.RELEASE/P2_RevHire/src/test/java/com/rev/app/controller/SeekerControllerTest.java:[51,6] org.springframework.boot.test.mock.mockito.MockBean in org.springframework.boot.test.mock.mockito has been deprecated and marked for removal
[WARNING] /C:/Users/anilk/Documents/workspace-spring-tools-for-eclipse-5.0.1.RELEASE/P2_RevHire/src/test/java/com/rev/app/controller/SeekerControllerTest.java:[54,6] org.springframework.boot.test.mock.mockito.MockBean in org.springframework.boot.test.mock.mockito has been deprecated and marked for removal
[WARNING] /C:/Users/anilk/Documents/workspace-spring-tools-for-eclipse-5.0.1.RELEASE/P2_RevHire/src/test/java/com/rev/app/controller/SeekerControllerTest.java:[54,6] org.springframework.boot.test.mock.mockito.MockBean in org.springframework.boot.test.mock.mockito has been deprecated and marked for removal
[WARNING] /C:/Users/anilk/Documents/workspace-spring-tools-for-eclipse-5.0.1.RELEASE/P2_RevHire/src/test/java/com/rev/app/controller/SeekerControllerTest.java:[54,6] org.springframework.boot.test.mock.mockito.MockBean in org.springframework.boot.test.mock.mockito has been deprecated and marked for removal
[WARNING] /C:/Users/anilk/Documents/workspace-spring-tools-for-eclipse-5.0.1.RELEASE/P2_RevHire/src/test/java/com/rev/app/controller/SeekerControllerTest.java:[54,6] org.springframework.boot.test.mock.mockito.MockBean in org.springframework.boot.test.mock.mockito has been deprecated and marked for removal
[WARNING] /C:/Users/anilk/Documents/workspace-spring-tools-for-eclipse-5.0.1.RELEASE/P2_RevHire/src/test/java/com/rev/app/controller/SeekerControllerTest.java:[54,6] org.springframework.boot.test.mock.mockito.MockBean in org.springframework.boot.test.mock.mockito has been deprecated and marked for removal
[WARNING] /C:/Users/anilk/Documents/workspace-spring-tools-for-eclipse-5.0.1.RELEASE/P2_RevHire/src/test/java/com/rev/app/controller/SeekerControllerTest.java:[57,6] org.springframework.boot.test.mock.mockito.MockBean in org.springframework.boot.test.mock.mockito has been deprecated and marked for removal
[WARNING] /C:/Users/anilk/Documents/workspace-spring-tools-for-eclipse-5.0.1.RELEASE/P2_RevHire/src/test/java/com/rev/app/controller/SeekerControllerTest.java:[57,6] org.springframework.boot.test.mock.mockito.MockBean in org.springframework.boot.test.mock.mockito has been deprecated and marked for removal
[WARNING] /C:/Users/anilk/Documents/workspace-spring-tools-for-eclipse-5.0.1.RELEASE/P2_RevHire/src/test/java/com/rev/app/controller/SeekerControllerTest.java:[57,6] org.springframework.boot.test.mock.mockito.MockBean in org.springframework.boot.test.mock.mockito has been deprecated and marked for removal
[WARNING] /C:/Users/anilk/Documents/workspace-spring-tools-for-eclipse-5.0.1.RELEASE/P2_RevHire/src/test/java/com/rev/app/controller/SeekerControllerTest.java:[57,6] org.springframework.boot.test.mock.mockito.MockBean in org.springframework.boot.test.mock.mockito has been deprecated and marked for removal
[WARNING] /C:/Users/anilk/Documents/workspace-spring-tools-for-eclipse-5.0.1.RELEASE/P2_RevHire/src/test/java/com/rev/app/controller/SeekerControllerTest.java:[57,6] org.springframework.boot.test.mock.mockito.MockBean in org.springframework.boot.test.mock.mockito has been deprecated and marked for removal
[WARNING] /C:/Users/anilk/Documents/workspace-spring-tools-for-eclipse-5.0.1.RELEASE/P2_RevHire/src/test/java/com/rev/app/rest/AuthRestControllerTest.java:[31,6] org.springframework.boot.test.mock.mockito.MockBean in org.springframework.boot.test.mock.mockito has been deprecated and marked for removal
[WARNING] /C:/Users/anilk/Documents/workspace-spring-tools-for-eclipse-5.0.1.RELEASE/P2_RevHire/src/test/java/com/rev/app/rest/AuthRestControllerTest.java:[31,6] org.springframework.boot.test.mock.mockito.MockBean in org.springframework.boot.test.mock.mockito has been deprecated and marked for removal
[WARNING] /C:/Users/anilk/Documents/workspace-spring-tools-for-eclipse-5.0.1.RELEASE/P2_RevHire/src/test/java/com/rev/app/rest/AuthRestControllerTest.java:[31,6] org.springframework.boot.test.mock.mockito.MockBean in org.springframework.boot.test.mock.mockito has been deprecated and marked for removal
[WARNING] /C:/Users/anilk/Documents/workspace-spring-tools-for-eclipse-5.0.1.RELEASE/P2_RevHire/src/test/java/com/rev/app/rest/AuthRestControllerTest.java:[31,6] org.springframework.boot.test.mock.mockito.MockBean in org.springframework.boot.test.mock.mockito has been deprecated and marked for removal
[WARNING] /C:/Users/anilk/Documents/workspace-spring-tools-for-eclipse-5.0.1.RELEASE/P2_RevHire/src/test/java/com/rev/app/rest/AuthRestControllerTest.java:[31,6] org.springframework.boot.test.mock.mockito.MockBean in org.springframework.boot.test.mock.mockito has been deprecated and marked for removal
[INFO] 100 warnings 
[INFO] -------------------------------------------------------------
[INFO] -------------------------------------------------------------
[ERROR] COMPILATION ERROR : 
[INFO] -------------------------------------------------------------
[ERROR] /C:/Users/anilk/Documents/workspace-spring-tools-for-eclipse-5.0.1.RELEASE/P2_RevHire/src/test/java/com/rev/app/rest/EmployerRestControllerTest.java:[47,24] cannot find symbol
  symbol:   method getAllJobs()
  location: variable jobService of type com.rev.app.service.JobService
[INFO] 1 error
[INFO] -------------------------------------------------------------
[INFO] ------------------------------------------------------------------------
[INFO] BUILD FAILURE
[INFO] ------------------------------------------------------------------------
[INFO] Total time:  5.683 s
[INFO] Finished at: 2026-03-03T12:23:38+05:30
[INFO] ------------------------------------------------------------------------
[ERROR] Failed to execute goal org.apache.maven.plugins:maven-compiler-plugin:3.13.0:testCompile (default-testCompile) on project RevHire_P2: Compilation failure
[ERROR] /C:/Users/anilk/Documents/workspace-spring-tools-for-eclipse-5.0.1.RELEASE/P2_RevHire/src/test/java/com/rev/app/rest/EmployerRestControllerTest.java:[47,24] cannot find symbol
[ERROR]   symbol:   method getAllJobs()
[ERROR]   location: variable jobService of type com.rev.app.service.JobService
[ERROR] 
[ERROR] -> [Help 1]
[ERROR] 
[ERROR] To see the full stack trace of the errors, re-run Maven with the -e switch.
[ERROR] Re-run Maven using the -X switch to enable full debug logging.
[ERROR] 
[ERROR] For more information about the errors and possible solutions, please read the following articles:
[ERROR] [Help 1] http://cwiki.apache.org/confluence/display/MAVEN/MojoFailureException
