#
# There is insufficient memory for the Java Runtime Environment to continue.
# Native memory allocation (mmap) failed to map 85983232 bytes. Error detail: G1 virtual space
# Possible reasons:
#   The system is out of physical RAM or swap space
#   This process is running with CompressedOops enabled, and the Java Heap may be blocking the growth of the native heap
# Possible solutions:
#   Reduce memory load on the system
#   Increase physical memory or swap space
#   Check if swap backing store is full
#   Decrease Java heap size (-Xmx/-Xms)
#   Decrease number of Java threads
#   Decrease Java thread stack sizes (-Xss)
#   Set larger code cache with -XX:ReservedCodeCacheSize=
#   JVM is running with Zero Based Compressed Oops mode in which the Java heap is
#     placed in the first 32GB address space. The Java Heap base address is the
#     maximum limit for the native heap growth. Please use -XX:HeapBaseMinAddress
#     to set the Java Heap base and to place the Java Heap above 32GB virtual address.
# This output file may be truncated or incomplete.
#
#  Out of Memory Error (os_windows.cpp:3618), pid=37148, tid=46400
#
# JRE version: OpenJDK Runtime Environment Temurin-17.0.17+10 (17.0.17+10) (build 17.0.17+10)
# Java VM: OpenJDK 64-Bit Server VM Temurin-17.0.17+10 (17.0.17+10, mixed mode, emulated-client, sharing, tiered, compressed oops, compressed class ptrs, g1 gc, windows-amd64)
# No core dump will be written. Minidumps are not enabled by default on client versions of Windows
#

---------------  S U M M A R Y ------------

Command Line: -XX:TieredStopAtLevel=1 com.rev.app.RevHireP2Application

Host: 11th Gen Intel(R) Core(TM) i5-1135G7 @ 2.40GHz, 8 cores, 15G,  Windows 11 , 64 bit Build 26100 (10.0.26100.7705)
Time: Wed Feb 25 15:10:43 2026 India Standard Time elapsed time: 19997.170165 seconds (0d 5h 33m 17s)

---------------  T H R E A D  ---------------

Current thread (0x000002838a156ac0):  VMThread "VM Thread" [stack: 0x000000ff53700000,0x000000ff53800000] [id=46400]

Stack: [0x000000ff53700000,0x000000ff53800000]
Native frames: (J=compiled Java code, j=interpreted, Vv=VM code, C=native code)
V  [jvm.dll+0x683fb9]
V  [jvm.dll+0x83a1b5]
V  [jvm.dll+0x83bc2e]
V  [jvm.dll+0x83c2b3]
V  [jvm.dll+0x248eff]
V  [jvm.dll+0x680d79]
V  [jvm.dll+0x675b7a]
V  [jvm.dll+0x3091a7]
V  [jvm.dll+0x310776]
V  [jvm.dll+0x360bbe]
V  [jvm.dll+0x360dfd]
V  [jvm.dll+0x2e022c]
V  [jvm.dll+0x2de602]
V  [jvm.dll+0x2ddd9c]
V  [jvm.dll+0x320a3b]
V  [jvm.dll+0x840acd]
V  [jvm.dll+0x841803]
V  [jvm.dll+0x841d2f]
V  [jvm.dll+0x842115]
V  [jvm.dll+0x8421de]
V  [jvm.dll+0x7ea44c]
V  [jvm.dll+0x682e87]
C  [ucrtbase.dll+0x37b0]
C  [KERNEL32.DLL+0x2e8d7]
C  [ntdll.dll+0x8c40c]

VM_Operation (0x000000ff54cf61c0): G1CollectForAllocation, mode: safepoint, requested by thread 0x00000283d7319620


---------------  P R O C E S S  ---------------

Threads class SMR info:
_java_thread_list=0x00000283d1844180, length=22, elements={
0x000002838a15c310, 0x000002838a15cde0, 0x000002838a1745a0, 0x000002838a174e70,
0x000002838a175740, 0x000002838a177020, 0x000002838a17a910, 0x000002838a17b220,
0x000002838a2ae160, 0x000002838a2c6ae0, 0x00000283d17468c0, 0x00000283d1697890,
0x00000283d1608040, 0x00000283d198f4b0, 0x00000283d7317cd0, 0x00000283d73181e0,
0x00000283d7318c00, 0x00000283d7319110, 0x00000283d731a040, 0x00000283d7319620,
0x00000283d777efd0, 0x00000283d74faac0
}

Java Threads: ( => current thread )
  0x000002838a15c310 JavaThread "Reference Handler" daemon [_thread_blocked, id=48652, stack(0x000000ff53800000,0x000000ff53900000)]
  0x000002838a15cde0 JavaThread "Finalizer" daemon [_thread_blocked, id=52052, stack(0x000000ff53900000,0x000000ff53a00000)]
  0x000002838a1745a0 JavaThread "Signal Dispatcher" daemon [_thread_blocked, id=13196, stack(0x000000ff53a00000,0x000000ff53b00000)]
  0x000002838a174e70 JavaThread "Attach Listener" daemon [_thread_blocked, id=48232, stack(0x000000ff53b00000,0x000000ff53c00000)]
  0x000002838a175740 JavaThread "Service Thread" daemon [_thread_blocked, id=46600, stack(0x000000ff53c00000,0x000000ff53d00000)]
  0x000002838a177020 JavaThread "Monitor Deflation Thread" daemon [_thread_blocked, id=12420, stack(0x000000ff53d00000,0x000000ff53e00000)]
  0x000002838a17a910 JavaThread "C1 CompilerThread0" daemon [_thread_blocked, id=38576, stack(0x000000ff53e00000,0x000000ff53f00000)]
  0x000002838a17b220 JavaThread "Sweeper thread" daemon [_thread_blocked, id=30640, stack(0x000000ff53f00000,0x000000ff54000000)]
  0x000002838a2ae160 JavaThread "Notification Thread" daemon [_thread_blocked, id=27696, stack(0x000000ff54100000,0x000000ff54200000)]
  0x000002838a2c6ae0 JavaThread "Common-Cleaner" daemon [_thread_blocked, id=35968, stack(0x000000ff54300000,0x000000ff54400000)]
  0x00000283d17468c0 JavaThread "oracle.jdbc.diagnostics.Diagnostic.CLOCK" daemon [_thread_blocked, id=26776, stack(0x000000ff54f00000,0x000000ff55000000)]
  0x00000283d1697890 JavaThread "oracle.jdbc.driver.BlockSource.ThreadedCachingBlockSource.BlockReleaser" daemon [_thread_blocked, id=40140, stack(0x000000ff55000000,0x000000ff55100000)]
  0x00000283d1608040 JavaThread "InterruptTimer" daemon [_thread_blocked, id=41952, stack(0x000000ff55300000,0x000000ff55400000)]
  0x00000283d198f4b0 JavaThread "Live Reload Server" daemon [_thread_in_native, id=12632, stack(0x000000ff55d00000,0x000000ff55e00000)]
  0x00000283d7317cd0 JavaThread "DestroyJavaVM" [_thread_blocked, id=46780, stack(0x000000ff53100000,0x000000ff53200000)]
  0x00000283d73181e0 JavaThread "File Watcher" daemon [_thread_blocked, id=63632, stack(0x000000ff54000000,0x000000ff54100000)]
  0x00000283d7318c00 JavaThread "File Watcher" daemon [_thread_blocked, id=62764, stack(0x000000ff54400000,0x000000ff54500000)]
  0x00000283d7319110 JavaThread "OJDBC-WORKER-THREAD-13" daemon [_thread_blocked, id=61500, stack(0x000000ff54b00000,0x000000ff54c00000)]
  0x00000283d731a040 JavaThread "Thread-13" [_thread_blocked, id=58932, stack(0x000000ff52e00000,0x000000ff52f00000)]
  0x00000283d7319620 JavaThread "restartedMain" [_thread_blocked, id=66444, stack(0x000000ff54c00000,0x000000ff54d00000)]
  0x00000283d777efd0 JavaThread "C1 CompilerThread1" daemon [_thread_blocked, id=65548, stack(0x000000ff52f00000,0x000000ff53000000)]
  0x00000283d74faac0 JavaThread "C1 CompilerThread2" daemon [_thread_blocked, id=61460, stack(0x000000ff54a00000,0x000000ff54b00000)]

Other Threads:
=>0x000002838a156ac0 VMThread "VM Thread" [stack: 0x000000ff53700000,0x000000ff53800000] [id=46400]
  0x000002838a2c0660 WatcherThread [stack: 0x000000ff54200000,0x000000ff54300000] [id=26916]
  0x00000283f1441e30 GCTaskThread "GC Thread#0" [stack: 0x000000ff53200000,0x000000ff53300000] [id=56072]
  0x000002838ab21560 GCTaskThread "GC Thread#1" [stack: 0x000000ff54500000,0x000000ff54600000] [id=55068]
  0x000002838aadd5e0 GCTaskThread "GC Thread#2" [stack: 0x000000ff54600000,0x000000ff54700000] [id=28224]
  0x000002838aadd8a0 GCTaskThread "GC Thread#3" [stack: 0x000000ff54700000,0x000000ff54800000] [id=22456]
  0x000002838aaddb60 GCTaskThread "GC Thread#4" [stack: 0x000000ff54800000,0x000000ff54900000] [id=45224]
  0x000002838aadde20 GCTaskThread "GC Thread#5" [stack: 0x000000ff54900000,0x000000ff54a00000] [id=53288]
  0x000002838ae61fd0 GCTaskThread "GC Thread#6" [stack: 0x000000ff54d00000,0x000000ff54e00000] [id=30304]
  0x00000283d03ac020 GCTaskThread "GC Thread#7" [stack: 0x000000ff54e00000,0x000000ff54f00000] [id=43832]
  0x00000283f14535b0 ConcurrentGCThread "G1 Main Marker" [stack: 0x000000ff53300000,0x000000ff53400000] [id=33844]
  0x00000283f1454680 ConcurrentGCThread "G1 Conc#0" [stack: 0x000000ff53400000,0x000000ff53500000] [id=29904]
  0x00000283d0891d10 ConcurrentGCThread "G1 Conc#1" [stack: 0x000000ff55100000,0x000000ff55200000] [id=34532]
  0x000002838a000810 ConcurrentGCThread "G1 Refine#0" [stack: 0x000000ff53500000,0x000000ff53600000] [id=55420]
  0x00000283d06cd060 ConcurrentGCThread "G1 Refine#1" [stack: 0x000000ff55a00000,0x000000ff55b00000] [id=57256]
  0x00000283d243b4f0 ConcurrentGCThread "G1 Refine#2" [stack: 0x000000ff55b00000,0x000000ff55c00000] [id=56948]
  0x000002838a001150 ConcurrentGCThread "G1 Service" [stack: 0x000000ff53600000,0x000000ff53700000] [id=55104]

Threads with active compile tasks:

VM state: at safepoint (normal execution)

VM Mutex/Monitor currently owned by a thread:  ([mutex/lock_event])
[0x00000283f13c79e0] Threads_lock - owner thread: 0x000002838a156ac0
[0x00000283f13c8eb0] Heap_lock - owner thread: 0x00000283d7319620

Heap address: 0x0000000703a00000, size: 4038 MB, Compressed Oops mode: Zero based, Oop shift amount: 3

CDS archive(s) mapped at: [0x000002838b000000-0x000002838bbb0000-0x000002838bbb0000), size 12255232, SharedBaseAddress: 0x000002838b000000, ArchiveRelocationMode: 1.
Compressed class space mapped at: 0x000002838c000000-0x00000283cc000000, reserved size: 1073741824
Narrow klass base: 0x000002838b000000, Narrow klass shift: 0, Narrow klass range: 0x100000000

GC Precious Log:
 CPUs: 8 total, 8 available
 Memory: 16151M
 Large Page Support: Disabled
 NUMA Support: Disabled
 Compressed Oops: Enabled (Zero based)
 Heap Region Size: 2M
 Heap Min Capacity: 8M
 Heap Initial Capacity: 254M
 Heap Max Capacity: 4038M
 Pre-touch: Disabled
 Parallel Workers: 8
 Concurrent Workers: 2
 Concurrent Refinement Workers: 8
 Periodic GC: Disabled

Heap:
 garbage-first heap   total 151552K, used 46800K [0x0000000703a00000, 0x0000000800000000)
  region size 2048K, 3 young (6144K), 3 survivors (6144K)
 Metaspace       used 100582K, committed 101312K, reserved 1179648K
  class space    used 14661K, committed 15040K, reserved 1048576K

Heap Regions: E=young(eden), S=young(survivor), O=old, HS=humongous(starts), HC=humongous(continues), CS=collection set, F=free, OA=open archive, CA=closed archive, TAMS=top-at-mark-start (previous, next)
|   0|0x0000000703a00000, 0x0000000703c00000, 0x0000000703c00000|100%| O|  |TAMS 0x0000000703c00000, 0x0000000703a00000| Untracked 
|   1|0x0000000703c00000, 0x0000000703dffff0, 0x0000000703e00000| 99%| O|  |TAMS 0x0000000703dffff0, 0x0000000703c00000| Untracked 
|   2|0x0000000703e00000, 0x0000000703ffffe0, 0x0000000704000000| 99%| O|  |TAMS 0x0000000703ffffe0, 0x0000000703e00000| Untracked 
|   3|0x0000000704000000, 0x00000007041ffff8, 0x0000000704200000| 99%| O|  |TAMS 0x00000007041ffff8, 0x0000000704000000| Untracked 
|   4|0x0000000704200000, 0x00000007043fff98, 0x0000000704400000| 99%| O|  |TAMS 0x0000000704200000, 0x0000000704200000| Untracked 
|   5|0x0000000704400000, 0x00000007045fff78, 0x0000000704600000| 99%| O|  |TAMS 0x0000000704400000, 0x0000000704400000| Untracked 
|   6|0x0000000704600000, 0x00000007047fffb8, 0x0000000704800000| 99%| O|  |TAMS 0x00000007047fffb8, 0x0000000704600000| Untracked 
|   7|0x0000000704800000, 0x00000007049fffe8, 0x0000000704a00000| 99%| O|  |TAMS 0x00000007049fffe8, 0x0000000704800000| Untracked 
|   8|0x0000000704a00000, 0x0000000704bffff0, 0x0000000704c00000| 99%| O|  |TAMS 0x0000000704bffff0, 0x0000000704a00000| Untracked 
|   9|0x0000000704c00000, 0x0000000704dffff0, 0x0000000704e00000| 99%| O|  |TAMS 0x0000000704dffff0, 0x0000000704c00000| Untracked 
|  10|0x0000000704e00000, 0x0000000705000000, 0x0000000705000000|100%| O|  |TAMS 0x0000000705000000, 0x0000000704e00000| Untracked 
|  11|0x0000000705000000, 0x00000007051ffff0, 0x0000000705200000| 99%| O|  |TAMS 0x0000000705000000, 0x0000000705000000| Untracked 
|  12|0x0000000705200000, 0x00000007053ffe08, 0x0000000705400000| 99%| O|  |TAMS 0x00000007053ffe08, 0x0000000705200000| Untracked 
|  13|0x0000000705400000, 0x00000007055fffa8, 0x0000000705600000| 99%| O|  |TAMS 0x00000007055fffa8, 0x0000000705400000| Untracked 
|  14|0x0000000705600000, 0x00000007057ffff8, 0x0000000705800000| 99%| O|  |TAMS 0x0000000705600000, 0x0000000705600000| Untracked 
|  15|0x0000000705800000, 0x00000007059ffff8, 0x0000000705a00000| 99%| O|  |TAMS 0x0000000705800000, 0x0000000705800000| Untracked 
|  16|0x0000000705a00000, 0x0000000705a5ba88, 0x0000000705c00000| 17%| O|  |TAMS 0x0000000705a00000, 0x0000000705a00000| Untracked 
|  17|0x0000000705c00000, 0x0000000705e00000, 0x0000000705e00000|100%| O|  |TAMS 0x0000000705c00000, 0x0000000705c00000| Untracked 
|  18|0x0000000705e00000, 0x0000000705fbb108, 0x0000000706000000| 86%| O|  |TAMS 0x0000000705e00000, 0x0000000705e00000| Untracked 
|  19|0x0000000706000000, 0x00000007061ffff8, 0x0000000706200000| 99%| O|  |TAMS 0x0000000706000000, 0x0000000706000000| Untracked 
|  20|0x0000000706200000, 0x0000000706321b00, 0x0000000706400000| 56%| O|  |TAMS 0x0000000706200000, 0x0000000706200000| Untracked 
|  21|0x0000000706400000, 0x0000000706400000, 0x0000000706600000|  0%| F|  |TAMS 0x0000000706400000, 0x0000000706400000| Untracked 
|  22|0x0000000706600000, 0x0000000706600000, 0x0000000706800000|  0%| F|  |TAMS 0x0000000706600000, 0x0000000706600000| Untracked 
|  23|0x0000000706800000, 0x0000000706800000, 0x0000000706a00000|  0%| F|  |TAMS 0x0000000706800000, 0x0000000706800000| Untracked 
|  24|0x0000000706a00000, 0x0000000706a00000, 0x0000000706c00000|  0%| F|  |TAMS 0x0000000706a00000, 0x0000000706a00000| Untracked 
|  25|0x0000000706c00000, 0x0000000706d53720, 0x0000000706e00000| 66%| O|  |TAMS 0x0000000706c00000, 0x0000000706c00000| Untracked 
|  26|0x0000000706e00000, 0x0000000706e00000, 0x0000000707000000|  0%| F|  |TAMS 0x0000000706e00000, 0x0000000706e00000| Untracked 
|  27|0x0000000707000000, 0x0000000707000000, 0x0000000707200000|  0%| F|  |TAMS 0x0000000707000000, 0x0000000707000000| Untracked 
|  28|0x0000000707200000, 0x0000000707200000, 0x0000000707400000|  0%| F|  |TAMS 0x0000000707200000, 0x0000000707200000| Untracked 
|  29|0x0000000707400000, 0x0000000707400000, 0x0000000707600000|  0%| F|  |TAMS 0x0000000707400000, 0x0000000707400000| Untracked 
|  30|0x0000000707600000, 0x0000000707600000, 0x0000000707800000|  0%| F|  |TAMS 0x0000000707600000, 0x0000000707600000| Untracked 
|  31|0x0000000707800000, 0x0000000707800000, 0x0000000707a00000|  0%| F|  |TAMS 0x0000000707800000, 0x0000000707800000| Untracked 
|  32|0x0000000707a00000, 0x0000000707a00000, 0x0000000707c00000|  0%| F|  |TAMS 0x0000000707a00000, 0x0000000707a00000| Untracked 
|  33|0x0000000707c00000, 0x0000000707c00000, 0x0000000707e00000|  0%| F|  |TAMS 0x0000000707c00000, 0x0000000707c00000| Untracked 
|  34|0x0000000707e00000, 0x0000000707ee0580, 0x0000000708000000| 43%| S|CS|TAMS 0x0000000707e00000, 0x0000000707e00000| Complete 
|  35|0x0000000708000000, 0x0000000708200000, 0x0000000708200000|100%| S|CS|TAMS 0x0000000708000000, 0x0000000708000000| Complete 
|  36|0x0000000708200000, 0x0000000708400000, 0x0000000708400000|100%| S|CS|TAMS 0x0000000708200000, 0x0000000708200000| Complete 
|  37|0x0000000708400000, 0x0000000708400000, 0x0000000708600000|  0%| F|  |TAMS 0x0000000708400000, 0x0000000708400000| Untracked 
|  38|0x0000000708600000, 0x0000000708600000, 0x0000000708800000|  0%| F|  |TAMS 0x0000000708600000, 0x0000000708600000| Untracked 
|  39|0x0000000708800000, 0x0000000708800000, 0x0000000708a00000|  0%| F|  |TAMS 0x0000000708800000, 0x0000000708800000| Untracked 
|  40|0x0000000708a00000, 0x0000000708a48278, 0x0000000708c00000| 14%| O|  |TAMS 0x0000000708a00000, 0x0000000708a00000| Untracked 
|  41|0x0000000708c00000, 0x0000000708c00000, 0x0000000708e00000|  0%| F|  |TAMS 0x0000000708c00000, 0x0000000708c00000| Untracked 
|  42|0x0000000708e00000, 0x0000000708e00000, 0x0000000709000000|  0%| F|  |TAMS 0x0000000708e00000, 0x0000000708e00000| Untracked 
|  43|0x0000000709000000, 0x0000000709000000, 0x0000000709200000|  0%| F|  |TAMS 0x0000000709000000, 0x0000000709000000| Untracked 
|  44|0x0000000709200000, 0x0000000709200000, 0x0000000709400000|  0%| F|  |TAMS 0x0000000709200000, 0x0000000709200000| Untracked 
|  45|0x0000000709400000, 0x0000000709400000, 0x0000000709600000|  0%| F|  |TAMS 0x0000000709400000, 0x0000000709400000| Untracked 
|  46|0x0000000709600000, 0x0000000709600000, 0x0000000709800000|  0%| F|  |TAMS 0x0000000709600000, 0x0000000709600000| Untracked 
|  47|0x0000000709800000, 0x0000000709800000, 0x0000000709a00000|  0%| F|  |TAMS 0x0000000709800000, 0x0000000709800000| Untracked 
|  48|0x0000000709a00000, 0x0000000709a00000, 0x0000000709c00000|  0%| F|  |TAMS 0x0000000709a00000, 0x0000000709a00000| Untracked 
|  49|0x0000000709c00000, 0x0000000709c00000, 0x0000000709e00000|  0%| F|  |TAMS 0x0000000709c00000, 0x0000000709c00000| Untracked 
|  50|0x0000000709e00000, 0x0000000709e00000, 0x000000070a000000|  0%| F|  |TAMS 0x0000000709e00000, 0x0000000709e00000| Untracked 
|  51|0x000000070a000000, 0x000000070a000000, 0x000000070a200000|  0%| F|  |TAMS 0x000000070a000000, 0x000000070a000000| Untracked 
|  52|0x000000070a200000, 0x000000070a200000, 0x000000070a400000|  0%| F|  |TAMS 0x000000070a200000, 0x000000070a200000| Untracked 
|  53|0x000000070a400000, 0x000000070a400000, 0x000000070a600000|  0%| F|  |TAMS 0x000000070a400000, 0x000000070a400000| Untracked 
|  54|0x000000070a600000, 0x000000070a600000, 0x000000070a800000|  0%| F|  |TAMS 0x000000070a600000, 0x000000070a600000| Untracked 
|  55|0x000000070a800000, 0x000000070a800000, 0x000000070aa00000|  0%| F|  |TAMS 0x000000070a800000, 0x000000070a800000| Untracked 
|  56|0x000000070aa00000, 0x000000070aa00000, 0x000000070ac00000|  0%| F|  |TAMS 0x000000070aa00000, 0x000000070aa00000| Untracked 
|  57|0x000000070ac00000, 0x000000070ac00000, 0x000000070ae00000|  0%| F|  |TAMS 0x000000070ac00000, 0x000000070ac00000| Untracked 
|  58|0x000000070ae00000, 0x000000070ae00000, 0x000000070b000000|  0%| F|  |TAMS 0x000000070ae00000, 0x000000070ae00000| Untracked 
|  59|0x000000070b000000, 0x000000070b000000, 0x000000070b200000|  0%| F|  |TAMS 0x000000070b000000, 0x000000070b000000| Untracked 
|  60|0x000000070b200000, 0x000000070b200000, 0x000000070b400000|  0%| F|  |TAMS 0x000000070b200000, 0x000000070b200000| Untracked 
|  61|0x000000070b400000, 0x000000070b400000, 0x000000070b600000|  0%| F|  |TAMS 0x000000070b400000, 0x000000070b400000| Untracked 
|  62|0x000000070b600000, 0x000000070b600000, 0x000000070b800000|  0%| F|  |TAMS 0x000000070b600000, 0x000000070b600000| Untracked 
|  63|0x000000070b800000, 0x000000070b800000, 0x000000070ba00000|  0%| F|  |TAMS 0x000000070b800000, 0x000000070b800000| Untracked 
|  64|0x000000070ba00000, 0x000000070ba00000, 0x000000070bc00000|  0%| F|  |TAMS 0x000000070ba00000, 0x000000070ba00000| Untracked 
|  65|0x000000070bc00000, 0x000000070bc00000, 0x000000070be00000|  0%| F|  |TAMS 0x000000070bc00000, 0x000000070bc00000| Untracked 
|  66|0x000000070be00000, 0x000000070be00000, 0x000000070c000000|  0%| F|  |TAMS 0x000000070be00000, 0x000000070be00000| Untracked 
|  67|0x000000070c000000, 0x000000070c000000, 0x000000070c200000|  0%| F|  |TAMS 0x000000070c000000, 0x000000070c000000| Untracked 
|  68|0x000000070c200000, 0x000000070c200000, 0x000000070c400000|  0%| F|  |TAMS 0x000000070c200000, 0x000000070c200000| Untracked 
|  69|0x000000070c400000, 0x000000070c400000, 0x000000070c600000|  0%| F|  |TAMS 0x000000070c400000, 0x000000070c400000| Untracked 
|  70|0x000000070c600000, 0x000000070c600000, 0x000000070c800000|  0%| F|  |TAMS 0x000000070c600000, 0x000000070c600000| Untracked 
|  71|0x000000070c800000, 0x000000070c800000, 0x000000070ca00000|  0%| F|  |TAMS 0x000000070c800000, 0x000000070c800000| Untracked 
|  72|0x000000070ca00000, 0x000000070ca00000, 0x000000070cc00000|  0%| F|  |TAMS 0x000000070ca00000, 0x000000070ca00000| Untracked 
|  73|0x000000070cc00000, 0x000000070cc00000, 0x000000070ce00000|  0%| F|  |TAMS 0x000000070cc00000, 0x000000070cc00000| Untracked 

Card table byte_map: [0x00000283fe810000,0x00000283ff000000] _byte_map_base: 0x00000283faff3000

Marking Bits (Prev, Next): (CMBitMap*) 0x00000283f14423a0, (CMBitMap*) 0x00000283f1442360
 Prev Bits: [0x0000028383f20000, 0x0000028387e38000)
 Next Bits: [0x0000028380000000, 0x0000028383f18000)

Polling page: 0x00000283f1480000

Metaspace:

Usage:
  Non-class:     83.91 MB used.
      Class:     14.32 MB used.
       Both:     98.22 MB used.

Virtual space:
  Non-class space:      128.00 MB reserved,      84.25 MB ( 66%) committed,  2 nodes.
      Class space:        1.00 GB reserved,      14.69 MB (  1%) committed,  1 nodes.
             Both:        1.12 GB reserved,      98.94 MB (  9%) committed. 

Chunk freelists:
   Non-Class:  11.50 MB
       Class:  1.36 MB
        Both:  12.86 MB

MaxMetaspaceSize: unlimited
CompressedClassSpaceSize: 1.00 GB
Initial GC threshold: 21.00 MB
Current GC threshold: 164.81 MB
CDS: on
MetaspaceReclaimPolicy: balanced
 - commit_granule_bytes: 65536.
 - commit_granule_words: 8192.
 - virtual_space_node_default_size: 8388608.
 - enlarge_chunks_in_place: 1.
 - new_chunks_are_fully_committed: 0.
 - uncommit_free_chunks: 1.
 - use_allocation_guard: 0.
 - handle_deallocations: 1.


Internal statistics:

num_allocs_failed_limit: 9.
num_arena_births: 1554.
num_arena_deaths: 550.
num_vsnodes_births: 3.
num_vsnodes_deaths: 0.
num_space_committed: 1583.
num_space_uncommitted: 0.
num_chunks_returned_to_freelist: 680.
num_chunks_taken_from_freelist: 5702.
num_chunk_merges: 214.
num_chunk_splits: 3820.
num_chunks_enlarged: 2859.
num_inconsistent_stats: 0.

CodeCache: size=49152Kb used=27619Kb max_used=27619Kb free=21532Kb
 bounds [0x00000283fa8a0000, 0x00000283fc3f0000, 0x00000283fd8a0000]
 total_blobs=16464 nmethods=15640 adapters=748
 compilation: enabled
              stopped_count=0, restarted_count=0
 full_count=0

Compilation events (20 events):
Event: 19994.963 Thread 0x00000283d74faac0 15625       1       org.apache.logging.log4j.core.config.AwaitCompletionReliabilityStrategy::beforeLogEvent (16 bytes)
Event: 19994.964 Thread 0x00000283d777efd0 nmethod 15633 0x00000283fc23e790 code [0x00000283fc23e980, 0x00000283fc23ec08]
Event: 19994.964 Thread 0x00000283d74faac0 nmethod 15625 0x00000283fc23e410 code [0x00000283fc23e5a0, 0x00000283fc23e698]
Event: 19994.964 Thread 0x00000283d777efd0 15623       1       org.apache.tomcat.util.net.NioEndpoint::getUnixDomainSocketPath (5 bytes)
Event: 19994.964 Thread 0x000002838a17a910 nmethod 15624 0x00000283fc23df10 code [0x00000283fc23e0c0, 0x00000283fc23e2b8]
Event: 19994.964 Thread 0x00000283d777efd0 nmethod 15623 0x00000283fc23dc10 code [0x00000283fc23dda0, 0x00000283fc23de78]
Event: 19995.069 Thread 0x00000283d74faac0 15635   !   1       org.springframework.boot.context.properties.bind.Binder$Context::withDataObject (43 bytes)
Event: 19995.069 Thread 0x00000283d777efd0 15634       1       org.springframework.boot.context.properties.bind.Binder$$Lambda$199/0x000002838c1a6cd0::<init> (38 bytes)
Event: 19995.069 Thread 0x000002838a17a910 15636       1       org.springframework.boot.context.properties.bind.Binder$$Lambda$199/0x000002838c1a6cd0::get (28 bytes)
Event: 19995.070 Thread 0x00000283d777efd0 nmethod 15634 0x00000283fc23d690 code [0x00000283fc23d840, 0x00000283fc23db58]
Event: 19995.070 Thread 0x000002838a17a910 nmethod 15636 0x00000283fc23d110 code [0x00000283fc23d2e0, 0x00000283fc23d4d8]
Event: 19995.070 Thread 0x000002838a17a910 15638       1       org.springframework.boot.context.properties.bind.Binder$$Lambda$200/0x000002838c1a6ef0::<init> (26 bytes)
Event: 19995.070 Thread 0x00000283d777efd0 15637       1       org.springframework.boot.context.properties.bind.Binder::lambda$bindDataObject$7 (17 bytes)
Event: 19995.070 Thread 0x000002838a17a910 nmethod 15638 0x00000283fc23cc90 code [0x00000283fc23ce40, 0x00000283fc23d098]
Event: 19995.070 Thread 0x000002838a17a910 15639       1       org.springframework.boot.context.properties.bind.JavaBeanBinder::bind (74 bytes)
Event: 19995.070 Thread 0x00000283d74faac0 nmethod 15635 0x00000283fc23c710 code [0x00000283fc23c8e0, 0x00000283fc23caf8]
Event: 19995.070 Thread 0x00000283d74faac0 15640       1       org.springframework.boot.context.properties.bind.JavaBeanBinder$Bean::get (107 bytes)
Event: 19995.071 Thread 0x00000283d777efd0 nmethod 15637 0x00000283fc23c090 code [0x00000283fc23c260, 0x00000283fc23c578]
Event: 19995.072 Thread 0x000002838a17a910 nmethod 15639 0x00000283fc23b710 code [0x00000283fc23b920, 0x00000283fc23bde8]
Event: 19995.072 Thread 0x00000283d74faac0 nmethod 15640 0x00000283fc23a890 code [0x00000283fc23aae0, 0x00000283fc23b248]

GC Heap History (20 events):
Event: 19820.334 GC heap after
{Heap after GC invocations=49 (full 2):
 garbage-first heap   total 151552K, used 61736K [0x0000000703a00000, 0x0000000800000000)
  region size 2048K, 4 young (8192K), 4 survivors (8192K)
 Metaspace       used 99397K, committed 100160K, reserved 1179648K
  class space    used 14547K, committed 14912K, reserved 1048576K
}
Event: 19821.055 GC heap before
{Heap before GC invocations=49 (full 2):
 garbage-first heap   total 151552K, used 114984K [0x0000000703a00000, 0x0000000800000000)
  region size 2048K, 30 young (61440K), 4 survivors (8192K)
 Metaspace       used 99614K, committed 100352K, reserved 1179648K
  class space    used 14569K, committed 14912K, reserved 1048576K
}
Event: 19821.065 GC heap after
{Heap after GC invocations=50 (full 2):
 garbage-first heap   total 151552K, used 63336K [0x0000000703a00000, 0x0000000800000000)
  region size 2048K, 3 young (6144K), 3 survivors (6144K)
 Metaspace       used 99614K, committed 100352K, reserved 1179648K
  class space    used 14569K, committed 14912K, reserved 1048576K
}
Event: 19944.680 GC heap before
{Heap before GC invocations=50 (full 2):
 garbage-first heap   total 151552K, used 116584K [0x0000000703a00000, 0x0000000800000000)
  region size 2048K, 29 young (59392K), 3 survivors (6144K)
 Metaspace       used 99616K, committed 100352K, reserved 1179648K
  class space    used 14570K, committed 14912K, reserved 1048576K
}
Event: 19944.689 GC heap after
{Heap after GC invocations=51 (full 2):
 garbage-first heap   total 151552K, used 61800K [0x0000000703a00000, 0x0000000800000000)
  region size 2048K, 1 young (2048K), 1 survivors (2048K)
 Metaspace       used 99616K, committed 100352K, reserved 1179648K
  class space    used 14570K, committed 14912K, reserved 1048576K
}
Event: 19969.841 GC heap before
{Heap before GC invocations=51 (full 2):
 garbage-first heap   total 151552K, used 119144K [0x0000000703a00000, 0x0000000800000000)
  region size 2048K, 29 young (59392K), 1 survivors (2048K)
 Metaspace       used 99876K, committed 100672K, reserved 1179648K
  class space    used 14602K, committed 14976K, reserved 1048576K
}
Event: 19969.848 GC heap after
{Heap after GC invocations=52 (full 2):
 garbage-first heap   total 151552K, used 65466K [0x0000000703a00000, 0x0000000800000000)
  region size 2048K, 3 young (6144K), 3 survivors (6144K)
 Metaspace       used 99876K, committed 100672K, reserved 1179648K
  class space    used 14602K, committed 14976K, reserved 1048576K
}
Event: 19971.616 GC heap before
{Heap before GC invocations=52 (full 2):
 garbage-first heap   total 151552K, used 116666K [0x0000000703a00000, 0x0000000800000000)
  region size 2048K, 28 young (57344K), 3 survivors (6144K)
 Metaspace       used 99955K, committed 100736K, reserved 1179648K
  class space    used 14614K, committed 14976K, reserved 1048576K
}
Event: 19971.636 GC heap after
{Heap after GC invocations=53 (full 2):
 garbage-first heap   total 151552K, used 68224K [0x0000000703a00000, 0x0000000800000000)
  region size 2048K, 2 young (4096K), 2 survivors (4096K)
 Metaspace       used 99955K, committed 100736K, reserved 1179648K
  class space    used 14614K, committed 14976K, reserved 1048576K
}
Event: 19977.068 GC heap before
{Heap before GC invocations=53 (full 2):
 garbage-first heap   total 151552K, used 117376K [0x0000000703a00000, 0x0000000800000000)
  region size 2048K, 26 young (53248K), 2 survivors (4096K)
 Metaspace       used 100442K, committed 101248K, reserved 1179648K
  class space    used 14647K, committed 15040K, reserved 1048576K
}
Event: 19977.075 GC heap after
{Heap after GC invocations=54 (full 2):
 garbage-first heap   total 151552K, used 71002K [0x0000000703a00000, 0x0000000800000000)
  region size 2048K, 3 young (6144K), 3 survivors (6144K)
 Metaspace       used 100442K, committed 101248K, reserved 1179648K
  class space    used 14647K, committed 15040K, reserved 1048576K
}
Event: 19981.201 GC heap before
{Heap before GC invocations=55 (full 2):
 garbage-first heap   total 151552K, used 118106K [0x0000000703a00000, 0x0000000800000000)
  region size 2048K, 26 young (53248K), 3 survivors (6144K)
 Metaspace       used 100376K, committed 101248K, reserved 1179648K
  class space    used 14632K, committed 15040K, reserved 1048576K
}
Event: 19981.210 GC heap after
{Heap after GC invocations=56 (full 2):
 garbage-first heap   total 151552K, used 72878K [0x0000000703a00000, 0x0000000800000000)
  region size 2048K, 3 young (6144K), 3 survivors (6144K)
 Metaspace       used 100376K, committed 101248K, reserved 1179648K
  class space    used 14632K, committed 15040K, reserved 1048576K
}
Event: 19981.263 GC heap before
{Heap before GC invocations=56 (full 2):
 garbage-first heap   total 151552K, used 74926K [0x0000000703a00000, 0x0000000800000000)
  region size 2048K, 4 young (8192K), 3 survivors (6144K)
 Metaspace       used 100376K, committed 101248K, reserved 1179648K
  class space    used 14632K, committed 15040K, reserved 1048576K
}
Event: 19981.274 GC heap after
{Heap after GC invocations=57 (full 2):
 garbage-first heap   total 151552K, used 64110K [0x0000000703a00000, 0x0000000800000000)
  region size 2048K, 1 young (2048K), 1 survivors (2048K)
 Metaspace       used 100376K, committed 101248K, reserved 1179648K
  class space    used 14632K, committed 15040K, reserved 1048576K
}
Event: 19981.441 GC heap before
{Heap before GC invocations=57 (full 2):
 garbage-first heap   total 151552K, used 68206K [0x0000000703a00000, 0x0000000800000000)
  region size 2048K, 3 young (6144K), 1 survivors (2048K)
 Metaspace       used 100376K, committed 101248K, reserved 1179648K
  class space    used 14632K, committed 15040K, reserved 1048576K
}
Event: 19981.444 GC heap after
{Heap after GC invocations=58 (full 2):
 garbage-first heap   total 151552K, used 62658K [0x0000000703a00000, 0x0000000800000000)
  region size 2048K, 1 young (2048K), 1 survivors (2048K)
 Metaspace       used 100376K, committed 101248K, reserved 1179648K
  class space    used 14632K, committed 15040K, reserved 1048576K
}
Event: 19992.056 GC heap before
{Heap before GC invocations=58 (full 2):
 garbage-first heap   total 151552K, used 93378K [0x0000000703a00000, 0x0000000800000000)
  region size 2048K, 17 young (34816K), 1 survivors (2048K)
 Metaspace       used 100379K, committed 101248K, reserved 1179648K
  class space    used 14632K, committed 15040K, reserved 1048576K
}
Event: 19992.201 GC heap after
{Heap after GC invocations=59 (full 3):
 garbage-first heap   total 151552K, used 41807K [0x0000000703a00000, 0x0000000800000000)
  region size 2048K, 0 young (0K), 0 survivors (0K)
 Metaspace       used 100305K, committed 101248K, reserved 1179648K
  class space    used 14625K, committed 15040K, reserved 1048576K
}
Event: 19995.138 GC heap before
{Heap before GC invocations=59 (full 3):
 garbage-first heap   total 151552K, used 115535K [0x0000000703a00000, 0x0000000800000000)
  region size 2048K, 36 young (73728K), 0 survivors (0K)
 Metaspace       used 100582K, committed 101312K, reserved 1179648K
  class space    used 14661K, committed 15040K, reserved 1048576K
}

Dll operation events (11 events):
Event: 0.019 Loaded shared library C:\Program Files\Eclipse Adoptium\jdk-17.0.17.10-hotspot\bin\java.dll
Event: 0.063 Loaded shared library C:\Program Files\Eclipse Adoptium\jdk-17.0.17.10-hotspot\bin\jsvml.dll
Event: 0.185 Loaded shared library C:\Program Files\Eclipse Adoptium\jdk-17.0.17.10-hotspot\bin\net.dll
Event: 0.189 Loaded shared library C:\Program Files\Eclipse Adoptium\jdk-17.0.17.10-hotspot\bin\nio.dll
Event: 0.194 Loaded shared library C:\Program Files\Eclipse Adoptium\jdk-17.0.17.10-hotspot\bin\zip.dll
Event: 0.376 Loaded shared library C:\Program Files\Eclipse Adoptium\jdk-17.0.17.10-hotspot\bin\jimage.dll
Event: 0.713 Loaded shared library C:\Program Files\Eclipse Adoptium\jdk-17.0.17.10-hotspot\bin\management.dll
Event: 0.722 Loaded shared library C:\Program Files\Eclipse Adoptium\jdk-17.0.17.10-hotspot\bin\management_ext.dll
Event: 2.756 Loaded shared library C:\Program Files\Eclipse Adoptium\jdk-17.0.17.10-hotspot\bin\sunmscapi.dll
Event: 8.112 Loaded shared library C:\Program Files\Eclipse Adoptium\jdk-17.0.17.10-hotspot\bin\verify.dll
Event: 8.771 Loaded shared library C:\Program Files\Eclipse Adoptium\jdk-17.0.17.10-hotspot\bin\extnet.dll

Deoptimization events (10 events):
Event: 4.726 Thread 0x000002838add8770 DEOPT PACKING pc=0x00000283fb1b2a95 sp=0x000000ff54cfd4a0
Event: 4.726 Thread 0x000002838add8770 DEOPT UNPACKING pc=0x00000283fa8face3 sp=0x000000ff54cfca48 mode 0
Event: 9.189 Thread 0x000002838add8770 DEOPT PACKING pc=0x00000283fae03c09 sp=0x000000ff54cf95e0
Event: 9.189 Thread 0x000002838add8770 DEOPT UNPACKING pc=0x00000283fa8face3 sp=0x000000ff54cf8a70 mode 3
Event: 9.189 Thread 0x00000283d198e070 DEOPT PACKING pc=0x00000283fae4fd9f sp=0x000000ff555fedb0
Event: 9.189 Thread 0x00000283d198e070 DEOPT UNPACKING pc=0x00000283fa8face3 sp=0x000000ff555fe208 mode 3
Event: 12.968 Thread 0x000002838add8770 DEOPT PACKING pc=0x00000283fae89efa sp=0x000000ff54cfad00
Event: 12.968 Thread 0x000002838add8770 DEOPT UNPACKING pc=0x00000283fa8face3 sp=0x000000ff54cfa208 mode 3
Event: 19414.267 Thread 0x00000283d731a040 DEOPT PACKING pc=0x00000283fafa211f sp=0x000000ff52fff4b0
Event: 19414.269 Thread 0x00000283d731a040 DEOPT UNPACKING pc=0x00000283fa8face3 sp=0x000000ff52ffe908 mode 3

Classes loaded (20 events):
Event: 19414.584 Loading class java/io/ObjectStreamClass$4
Event: 19414.584 Loading class java/io/ObjectStreamClass$4 done
Event: 19414.588 Loading class java/io/ObjectStreamClass$5
Event: 19414.588 Loading class java/io/ObjectStreamClass$5 done
Event: 19414.604 Loading class java/io/SerialCallbackContext
Event: 19414.604 Loading class java/io/SerialCallbackContext done
Event: 19414.644 Loading class java/io/FileOutputStream$1
Event: 19414.646 Loading class java/io/FileOutputStream$1 done
Event: 19414.978 Loading class java/lang/ref/Finalizer$2
Event: 19414.980 Loading class java/lang/ref/Finalizer$2 done
Event: 19414.980 Loading class java/lang/ref/Finalizer$1
Event: 19414.980 Loading class java/lang/ref/Finalizer$1 done
Event: 19424.453 Loading class java/time/DurationEditor
Event: 19424.453 Loading class java/time/DurationEditor done
Event: 19815.133 Loading class java/time/DurationEditor
Event: 19815.133 Loading class java/time/DurationEditor done
Event: 19816.426 Loading class java/util/function/IntSupplier
Event: 19816.426 Loading class java/util/function/IntSupplier done
Event: 19977.529 Loading class java/time/DurationEditor
Event: 19977.529 Loading class java/time/DurationEditor done

Classes unloaded (20 events):
Event: 19977.201 Thread 0x000002838a156ac0 Unloading class 0x000002838ce55c00 'jdk/internal/reflect/GeneratedSerializationConstructorAccessor12'
Event: 19977.201 Thread 0x000002838a156ac0 Unloading class 0x000002838ce55800 'jdk/internal/reflect/GeneratedSerializationConstructorAccessor11'
Event: 19977.201 Thread 0x000002838a156ac0 Unloading class 0x000002838ce55400 'jdk/internal/reflect/GeneratedSerializationConstructorAccessor10'
Event: 19977.201 Thread 0x000002838a156ac0 Unloading class 0x000002838ce55000 'jdk/internal/reflect/GeneratedSerializationConstructorAccessor9'
Event: 19977.201 Thread 0x000002838a156ac0 Unloading class 0x000002838ce54c00 'jdk/internal/reflect/GeneratedSerializationConstructorAccessor8'
Event: 19977.201 Thread 0x000002838a156ac0 Unloading class 0x000002838ce54800 'jdk/internal/reflect/GeneratedSerializationConstructorAccessor7'
Event: 19977.201 Thread 0x000002838a156ac0 Unloading class 0x000002838ce54400 'jdk/internal/reflect/GeneratedSerializationConstructorAccessor6'
Event: 19977.201 Thread 0x000002838a156ac0 Unloading class 0x000002838ce54000 'jdk/internal/reflect/GeneratedSerializationConstructorAccessor5'
Event: 19992.107 Thread 0x000002838a156ac0 Unloading class 0x000002838ce8c000 'jdk/internal/reflect/GeneratedSerializationConstructorAccessor36'
Event: 19992.107 Thread 0x000002838a156ac0 Unloading class 0x000002838cea1400 'jdk/internal/reflect/GeneratedSerializationConstructorAccessor35'
Event: 19992.107 Thread 0x000002838a156ac0 Unloading class 0x000002838cea0c00 'jdk/internal/reflect/GeneratedSerializationConstructorAccessor34'
Event: 19992.107 Thread 0x000002838a156ac0 Unloading class 0x000002838cea0800 'jdk/internal/reflect/GeneratedSerializationConstructorAccessor33'
Event: 19992.107 Thread 0x000002838a156ac0 Unloading class 0x000002838ce84b48 'org/apache/catalina/loader/JdbcLeakPrevention'
Event: 19992.107 Thread 0x000002838a156ac0 Unloading class 0x000002838ce84800 'jdk/proxy11/$Proxy219'
Event: 19992.107 Thread 0x000002838a156ac0 Unloading class 0x000002838c0d3348 'org/apache/catalina/loader/JdbcLeakPrevention'
Event: 19992.107 Thread 0x000002838a156ac0 Unloading class 0x000002838c0d3000 'jdk/proxy9/$Proxy207'
Event: 19992.107 Thread 0x000002838a156ac0 Unloading class 0x000002838c42d800 'jdk/internal/reflect/GeneratedConstructorAccessor106'
Event: 19992.107 Thread 0x000002838a156ac0 Unloading class 0x000002838c4a9c00 'jdk/internal/reflect/GeneratedConstructorAccessor105'
Event: 19992.107 Thread 0x000002838a156ac0 Unloading class 0x000002838cb45b48 'org/apache/catalina/loader/JdbcLeakPrevention'
Event: 19992.107 Thread 0x000002838a156ac0 Unloading class 0x000002838cb45800 'jdk/proxy7/$Proxy195'

Classes redefined (0 events):
No events

Internal exceptions (20 events):
Event: 19969.817 Thread 0x00000283d731a040 Exception <a 'java/lang/NoClassDefFoundError'{0x00000007096b82f8}: org/springframework/session/jdbc/JdbcIndexedSessionRepository> (0x00000007096b82f8) 
thrown [s\src\hotspot\share\oops\constantPool.cpp, line 837]
Event: 19969.850 Thread 0x00000283d731a040 Exception <a 'java/lang/ArrayIndexOutOfBoundsException'{0x000000070cc1b7d8}> (0x000000070cc1b7d8) 
thrown [s\src\hotspot\share\runtime\sharedRuntime.cpp, line 631]
Event: 19969.851 Thread 0x00000283d731a040 Exception <a 'java/lang/ArrayIndexOutOfBoundsException'{0x000000070cc1bda0}> (0x000000070cc1bda0) 
thrown [s\src\hotspot\share\runtime\sharedRuntime.cpp, line 631]
Event: 19969.862 Thread 0x00000283d731a040 Exception <a 'java/lang/ArrayIndexOutOfBoundsException'{0x000000070cc9e188}> (0x000000070cc9e188) 
thrown [s\src\hotspot\share\runtime\sharedRuntime.cpp, line 631]
Event: 19969.862 Thread 0x00000283d731a040 Exception <a 'java/lang/ArrayIndexOutOfBoundsException'{0x000000070cc9e750}> (0x000000070cc9e750) 
thrown [s\src\hotspot\share\runtime\sharedRuntime.cpp, line 631]
Event: 19970.155 Thread 0x00000283d731a040 Exception <a 'java/io/FileNotFoundException'{0x000000070be75ec0}> (0x000000070be75ec0) 
thrown [s\src\hotspot\share\prims\jni.cpp, line 516]
Event: 19975.113 Thread 0x00000283d731a040 Exception <a 'java/io/FileNotFoundException'{0x000000070b30fcb0}> (0x000000070b30fcb0) 
thrown [s\src\hotspot\share\prims\jni.cpp, line 516]
Event: 19992.055 Thread 0x00000283d7319b30 Exception <a 'java/lang/InterruptedException'{0x000000070ad61c90}: sleep interrupted> (0x000000070ad61c90) 
thrown [s\src\hotspot\share\prims\jvm.cpp, line 3064]
Event: 19992.306 Thread 0x00000283d7319620 Exception <a 'sun/nio/fs/WindowsException'{0x000000070ccbbad0}> (0x000000070ccbbad0) 
thrown [s\src\hotspot\share\prims\jni.cpp, line 516]
Event: 19994.451 Thread 0x00000283d7319620 Exception <a 'java/lang/NoClassDefFoundError'{0x0000000709a79690}: org/flywaydb/core/Flyway> (0x0000000709a79690) 
thrown [s\src\hotspot\share\oops\constantPool.cpp, line 837]
Event: 19994.451 Thread 0x00000283d7319620 Exception <a 'java/lang/NoClassDefFoundError'{0x0000000709a79ce0}: liquibase/integration/spring/SpringLiquibase> (0x0000000709a79ce0) 
thrown [s\src\hotspot\share\oops\constantPool.cpp, line 837]
Event: 19994.476 Thread 0x00000283d7319620 Exception <a 'java/lang/NoClassDefFoundError'{0x0000000709b2b8b8}: org/jooq/DSLContext> (0x0000000709b2b8b8) 
thrown [s\src\hotspot\share\oops\constantPool.cpp, line 837]
Event: 19994.478 Thread 0x00000283d7319620 Exception <a 'java/lang/NoClassDefFoundError'{0x0000000709b40a08}: org/springframework/batch/core/repository/JobRepository> (0x0000000709b40a08) 
thrown [s\src\hotspot\share\oops\constantPool.cpp, line 837]
Event: 19994.478 Thread 0x00000283d7319620 Exception <a 'java/lang/NoClassDefFoundError'{0x0000000709b41050}: org/quartz/Scheduler> (0x0000000709b41050) 
thrown [s\src\hotspot\share\oops\constantPool.cpp, line 837]
Event: 19994.478 Thread 0x00000283d7319620 Exception <a 'java/lang/NoClassDefFoundError'{0x0000000709b416c0}: org/springframework/session/jdbc/JdbcIndexedSessionRepository> (0x0000000709b416c0) 
thrown [s\src\hotspot\share\oops\constantPool.cpp, line 837]
Event: 19994.509 Thread 0x00000283d7319620 Exception <a 'java/lang/ArrayIndexOutOfBoundsException'{0x00000007098b7778}> (0x00000007098b7778) 
thrown [s\src\hotspot\share\runtime\sharedRuntime.cpp, line 631]
Event: 19994.509 Thread 0x00000283d7319620 Exception <a 'java/lang/ArrayIndexOutOfBoundsException'{0x00000007098b7d40}> (0x00000007098b7d40) 
thrown [s\src\hotspot\share\runtime\sharedRuntime.cpp, line 631]
Event: 19994.601 Thread 0x00000283d7319620 Exception <a 'java/lang/ArrayIndexOutOfBoundsException'{0x00000007098ffcf0}> (0x00000007098ffcf0) 
thrown [s\src\hotspot\share\runtime\sharedRuntime.cpp, line 631]
Event: 19994.601 Thread 0x00000283d7319620 Exception <a 'java/lang/ArrayIndexOutOfBoundsException'{0x00000007099002b8}> (0x00000007099002b8) 
thrown [s\src\hotspot\share\runtime\sharedRuntime.cpp, line 631]
Event: 19994.976 Thread 0x00000283d7319620 Exception <a 'java/io/FileNotFoundException'{0x00000007088a7b68}> (0x00000007088a7b68) 
thrown [s\src\hotspot\share\prims\jni.cpp, line 516]

VM Operations (20 events):
Event: 19981.444 Executing VM operation: G1CollectForAllocation done
Event: 19982.457 Executing VM operation: Cleanup
Event: 19982.458 Executing VM operation: Cleanup done
Event: 19983.465 Executing VM operation: Cleanup
Event: 19983.465 Executing VM operation: Cleanup done
Event: 19990.538 Executing VM operation: Cleanup
Event: 19990.538 Executing VM operation: Cleanup done
Event: 19992.046 Executing VM operation: ThreadDump
Event: 19992.046 Executing VM operation: ThreadDump done
Event: 19992.054 Executing VM operation: ThreadDump
Event: 19992.054 Executing VM operation: ThreadDump done
Event: 19992.056 Executing VM operation: G1CollectFull
Event: 19992.201 Executing VM operation: G1CollectFull done
Event: 19993.216 Executing VM operation: Cleanup
Event: 19993.216 Executing VM operation: Cleanup done
Event: 19994.957 Executing VM operation: HandshakeAllThreads
Event: 19994.958 Executing VM operation: HandshakeAllThreads done
Event: 19994.958 Executing VM operation: Cleanup
Event: 19994.958 Executing VM operation: Cleanup done
Event: 19995.138 Executing VM operation: G1CollectForAllocation

Memory protections (0 events):
No events

Nmethod flushes (0 events):
No events

Events (20 events):
Event: 19991.707 Thread 0x00000283d731bea0 Thread exited: 0x00000283d731bea0
Event: 19991.707 Thread 0x00000283d73172b0 Thread exited: 0x00000283d73172b0
Event: 19991.707 Thread 0x00000283d731af70 Thread exited: 0x00000283d731af70
Event: 19991.707 Thread 0x00000283d731c3b0 Thread exited: 0x00000283d731c3b0
Event: 19991.707 Thread 0x00000283d731d2e0 Thread exited: 0x00000283d731d2e0
Event: 19991.707 Thread 0x00000283d731dd00 Thread exited: 0x00000283d731dd00
Event: 19991.707 Thread 0x00000283d731c8c0 Thread exited: 0x00000283d731c8c0
Event: 19991.853 Thread 0x00000283d731a040 Thread added: 0x00000283d7319620
Event: 19991.864 Thread 0x00000283d7316890 Thread exited: 0x00000283d7316890
Event: 19991.938 Thread 0x00000283d7319620 Thread exited: 0x00000283d7319620
Event: 19992.055 Thread 0x00000283d7319b30 Thread exited: 0x00000283d7319b30
Event: 19992.202 Thread 0x00000283d731a040 Thread added: 0x00000283d7319b30
Event: 19992.203 Thread 0x00000283d731a550 Thread exited: 0x00000283d731a550
Event: 19992.241 Thread 0x00000283d7319b30 Thread exited: 0x00000283d7319b30
Event: 19992.241 Thread 0x00000283d731a040 Thread added: 0x00000283d7319620
Event: 19992.785 Thread 0x00000283d73186f0 Thread exited: 0x00000283d73186f0
Event: 19993.395 Thread 0x00000283d7319620 Thread added: 0x00000283d7316da0
Event: 19993.482 Thread 0x00000283d7316da0 Thread exited: 0x00000283d7316da0
Event: 19994.960 Thread 0x000002838a17a910 Thread added: 0x00000283d777efd0
Event: 19994.960 Thread 0x000002838a17a910 Thread added: 0x00000283d74faac0


Dynamic libraries:
0x00007ff6e7f00000 - 0x00007ff6e7f0e000 	C:\Program Files\Eclipse Adoptium\jdk-17.0.17.10-hotspot\bin\java.exe
0x00007ffc4ddc0000 - 0x00007ffc4e028000 	C:\WINDOWS\SYSTEM32\ntdll.dll
0x00007ffc4c610000 - 0x00007ffc4c6d9000 	C:\WINDOWS\System32\KERNEL32.DLL
0x00007ffc4ac50000 - 0x00007ffc4b041000 	C:\WINDOWS\System32\KERNELBASE.dll
0x00007ffc4a730000 - 0x00007ffc4a87b000 	C:\WINDOWS\System32\ucrtbase.dll
0x00007ffc15510000 - 0x00007ffc15528000 	C:\Program Files\Eclipse Adoptium\jdk-17.0.17.10-hotspot\bin\jli.dll
0x00007ffc4dbb0000 - 0x00007ffc4dd76000 	C:\WINDOWS\System32\USER32.dll
0x00007ffc4a9e0000 - 0x00007ffc4aa07000 	C:\WINDOWS\System32\win32u.dll
0x00007ffc4db00000 - 0x00007ffc4db2b000 	C:\WINDOWS\System32\GDI32.dll
0x00007ffc4b8c0000 - 0x00007ffc4b9eb000 	C:\WINDOWS\System32\gdi32full.dll
0x00007ffc4a880000 - 0x00007ffc4a923000 	C:\WINDOWS\System32\msvcp_win.dll
0x00007ffc2c220000 - 0x00007ffc2c4b3000 	C:\WINDOWS\WinSxS\amd64_microsoft.windows.common-controls_6595b64144ccf1df_6.0.26100.7824_none_3e0870b2e3345462\COMCTL32.dll
0x00007ffc15530000 - 0x00007ffc1554e000 	C:\Program Files\Eclipse Adoptium\jdk-17.0.17.10-hotspot\bin\VCRUNTIME140.dll
0x00007ffc4bb80000 - 0x00007ffc4bc29000 	C:\WINDOWS\System32\msvcrt.dll
0x00007ffc4d1e0000 - 0x00007ffc4d211000 	C:\WINDOWS\System32\IMM32.DLL
0x00007ffc17da0000 - 0x00007ffc17dac000 	C:\Program Files\Eclipse Adoptium\jdk-17.0.17.10-hotspot\bin\vcruntime140_1.dll
0x00007ffc10f40000 - 0x00007ffc10fcd000 	C:\Program Files\Eclipse Adoptium\jdk-17.0.17.10-hotspot\bin\msvcp140.dll
0x00007ffb81490000 - 0x00007ffb820fb000 	C:\Program Files\Eclipse Adoptium\jdk-17.0.17.10-hotspot\bin\server\jvm.dll
0x00007ffc4d120000 - 0x00007ffc4d1d4000 	C:\WINDOWS\System32\ADVAPI32.dll
0x00007ffc4da50000 - 0x00007ffc4daf6000 	C:\WINDOWS\System32\sechost.dll
0x00007ffc4bef0000 - 0x00007ffc4c008000 	C:\WINDOWS\System32\RPCRT4.dll
0x00007ffc4db30000 - 0x00007ffc4dba4000 	C:\WINDOWS\System32\WS2_32.dll
0x00007ffc41b50000 - 0x00007ffc41b85000 	C:\WINDOWS\SYSTEM32\WINMM.dll
0x00007ffc3aa20000 - 0x00007ffc3aa2b000 	C:\WINDOWS\SYSTEM32\VERSION.dll
0x00007ffc4a500000 - 0x00007ffc4a55e000 	C:\WINDOWS\SYSTEM32\POWRPROF.dll
0x00007ffc4a4e0000 - 0x00007ffc4a4f4000 	C:\WINDOWS\SYSTEM32\UMPDC.dll
0x00007ffc49420000 - 0x00007ffc4943b000 	C:\WINDOWS\SYSTEM32\kernel.appcore.dll
0x00007ffc17760000 - 0x00007ffc1776a000 	C:\Program Files\Eclipse Adoptium\jdk-17.0.17.10-hotspot\bin\jimage.dll
0x00007ffc48650000 - 0x00007ffc48892000 	C:\WINDOWS\SYSTEM32\DBGHELP.DLL
0x00007ffc4d6c0000 - 0x00007ffc4da46000 	C:\WINDOWS\System32\combase.dll
0x00007ffc4c090000 - 0x00007ffc4c167000 	C:\WINDOWS\System32\OLEAUT32.dll
0x00007ffc27fd0000 - 0x00007ffc2800b000 	C:\WINDOWS\SYSTEM32\dbgcore.DLL
0x00007ffc4a930000 - 0x00007ffc4a9d5000 	C:\WINDOWS\System32\bcryptPrimitives.dll
0x00007ffc154e0000 - 0x00007ffc15505000 	C:\Program Files\Eclipse Adoptium\jdk-17.0.17.10-hotspot\bin\java.dll
0x00007ffbb6f00000 - 0x00007ffbb6fd7000 	C:\Program Files\Eclipse Adoptium\jdk-17.0.17.10-hotspot\bin\jsvml.dll
0x00007ffc4c860000 - 0x00007ffc4cfb2000 	C:\WINDOWS\System32\SHELL32.dll
0x00007ffc4b9f0000 - 0x00007ffc4bb5a000 	C:\WINDOWS\System32\wintypes.dll
0x00007ffc4b050000 - 0x00007ffc4b8b3000 	C:\WINDOWS\System32\windows.storage.dll
0x00007ffc4c6e0000 - 0x00007ffc4c7d6000 	C:\WINDOWS\System32\SHCORE.dll
0x00007ffc4d0b0000 - 0x00007ffc4d117000 	C:\WINDOWS\System32\shlwapi.dll
0x00007ffc4a5c0000 - 0x00007ffc4a5e9000 	C:\WINDOWS\SYSTEM32\profapi.dll
0x00007ffc150c0000 - 0x00007ffc150da000 	C:\Program Files\Eclipse Adoptium\jdk-17.0.17.10-hotspot\bin\net.dll
0x00007ffc450e0000 - 0x00007ffc45207000 	C:\WINDOWS\SYSTEM32\WINHTTP.dll
0x00007ffc499b0000 - 0x00007ffc49a1b000 	C:\WINDOWS\system32\mswsock.dll
0x00007ffc150a0000 - 0x00007ffc150b6000 	C:\Program Files\Eclipse Adoptium\jdk-17.0.17.10-hotspot\bin\nio.dll
0x00007ffc15080000 - 0x00007ffc15098000 	C:\Program Files\Eclipse Adoptium\jdk-17.0.17.10-hotspot\bin\zip.dll
0x00007ffc301a0000 - 0x00007ffc301aa000 	C:\Program Files\Eclipse Adoptium\jdk-17.0.17.10-hotspot\bin\management.dll
0x00007ffc30190000 - 0x00007ffc3019c000 	C:\Program Files\Eclipse Adoptium\jdk-17.0.17.10-hotspot\bin\management_ext.dll
0x00007ffc4bee0000 - 0x00007ffc4bee8000 	C:\WINDOWS\System32\PSAPI.DLL
0x00007ffc230a0000 - 0x00007ffc230b8000 	C:\WINDOWS\system32\napinsp.dll
0x00007ffc48f00000 - 0x00007ffc4902c000 	C:\WINDOWS\SYSTEM32\DNSAPI.dll
0x00007ffc48e60000 - 0x00007ffc48e94000 	C:\WINDOWS\SYSTEM32\IPHLPAPI.DLL
0x00007ffc4d220000 - 0x00007ffc4d22a000 	C:\WINDOWS\System32\NSI.dll
0x00007ffc23030000 - 0x00007ffc23042000 	C:\WINDOWS\System32\winrnr.dll
0x00007ffc22fd0000 - 0x00007ffc22ff2000 	C:\WINDOWS\system32\nlansp_c.dll
0x00007ffc22fb0000 - 0x00007ffc22fc6000 	C:\WINDOWS\system32\wshbth.dll
0x00007ffc3c860000 - 0x00007ffc3c86b000 	C:\Windows\System32\rasadhlp.dll
0x00007ffc454a0000 - 0x00007ffc45526000 	C:\WINDOWS\System32\fwpuclnt.dll
0x00007ffc30180000 - 0x00007ffc3018e000 	C:\Program Files\Eclipse Adoptium\jdk-17.0.17.10-hotspot\bin\sunmscapi.dll
0x00007ffc4aa10000 - 0x00007ffc4ab87000 	C:\WINDOWS\System32\CRYPT32.dll
0x00007ffc49ea0000 - 0x00007ffc49ed0000 	C:\WINDOWS\SYSTEM32\ncrypt.dll
0x00007ffc49e50000 - 0x00007ffc49e8f000 	C:\WINDOWS\SYSTEM32\NTASN1.dll
0x00007ffc49c80000 - 0x00007ffc49c9b000 	C:\WINDOWS\SYSTEM32\CRYPTSP.dll
0x00007ffc49380000 - 0x00007ffc493b9000 	C:\WINDOWS\system32\rsaenh.dll
0x00007ffc49a60000 - 0x00007ffc49a8b000 	C:\WINDOWS\SYSTEM32\USERENV.dll
0x00007ffc4a590000 - 0x00007ffc4a5ba000 	C:\WINDOWS\SYSTEM32\bcrypt.dll
0x00007ffc49ca0000 - 0x00007ffc49cac000 	C:\WINDOWS\SYSTEM32\CRYPTBASE.dll
0x00007ffc45370000 - 0x00007ffc4538e000 	C:\WINDOWS\SYSTEM32\dhcpcsvc6.DLL
0x00007ffc45290000 - 0x00007ffc452b3000 	C:\WINDOWS\SYSTEM32\dhcpcsvc.DLL
0x00007ffc159a0000 - 0x00007ffc159b0000 	C:\Program Files\Eclipse Adoptium\jdk-17.0.17.10-hotspot\bin\verify.dll
0x00007ffc30170000 - 0x00007ffc30179000 	C:\Program Files\Eclipse Adoptium\jdk-17.0.17.10-hotspot\bin\extnet.dll
0x00007ffc0f730000 - 0x00007ffc0f738000 	C:\WINDOWS\system32\wshunix.dll

dbghelp: loaded successfully - version: 4.0.5 - missing functions: none
symbol engine: initialized successfully - sym options: 0x614 - pdb path: .;C:\Program Files\Eclipse Adoptium\jdk-17.0.17.10-hotspot\bin;C:\WINDOWS\SYSTEM32;C:\WINDOWS\WinSxS\amd64_microsoft.windows.common-controls_6595b64144ccf1df_6.0.26100.7824_none_3e0870b2e3345462;C:\Program Files\Eclipse Adoptium\jdk-17.0.17.10-hotspot\bin\server

VM Arguments:
jvm_args: -XX:TieredStopAtLevel=1 
java_command: com.rev.app.RevHireP2Application
java_class_path (initial): C:\Users\anilk\OneDrive\Desktop\RevHire_P2\target\classes;C:\Users\anilk\.m2\repository\jakarta\annotation\jakarta.annotation-api\2.1.1\jakarta.annotation-api-2.1.1.jar;C:\Users\anilk\.m2\repository\org\yaml\snakeyaml\2.3\snakeyaml-2.3.jar;C:\Users\anilk\.m2\repository\org\springframework\boot\spring-boot-actuator-autoconfigure\3.4.3\spring-boot-actuator-autoconfigure-3.4.3.jar;C:\Users\anilk\.m2\repository\org\springframework\boot\spring-boot-actuator\3.4.3\spring-boot-actuator-3.4.3.jar;C:\Users\anilk\.m2\repository\com\fasterxml\jackson\datatype\jackson-datatype-jsr310\2.18.2\jackson-datatype-jsr310-2.18.2.jar;C:\Users\anilk\.m2\repository\io\micrometer\micrometer-observation\1.14.4\micrometer-observation-1.14.4.jar;C:\Users\anilk\.m2\repository\io\micrometer\micrometer-commons\1.14.4\micrometer-commons-1.14.4.jar;C:\Users\anilk\.m2\repository\io\micrometer\micrometer-jakarta9\1.14.4\micrometer-jakarta9-1.14.4.jar;C:\Users\anilk\.m2\repository\io\micrometer\micrometer-core\1.14.4\micrometer-core-1.14.4.jar;C:\Users\anilk\.m2\repository\org\hdrhistogram\HdrHistogram\2.2.2\HdrHistogram-2.2.2.jar;C:\Users\anilk\.m2\repository\org\latencyutils\LatencyUtils\2.0.3\LatencyUtils-2.0.3.jar;C:\Users\anilk\.m2\repository\com\zaxxer\HikariCP\5.1.0\HikariCP-5.1.0.jar;C:\Users\anilk\.m2\repository\org\springframework\spring-jdbc\6.2.3\spring-jdbc-6.2.3.jar;C:\Users\anilk\.m2\repository\org\hibernate\orm\hibernate-core\6.6.8.Final\hibernate-core-6.6.8.Final.jar;C:\Users\anilk\.m2\repository\jakarta\persistence\jakarta.persistence-api\3.1.0\jakarta.persistence-api-3.1.0.jar;C:\Users\anilk\.m2\repository\jakarta\transaction\jakarta.transaction-api\2.0.1\jakarta.transaction-api-2.0.1.jar;C:\Users\anilk\.m2\repository\org\jboss\logging\jboss-logging\3.6.1.Final\jboss-logging-3.6.1.Final.jar;C:\Users\anilk\.m2\repository\org\hibernate\common\hibernate-commons-annotations\7.0.3.Final\hibernate-commons-annotations-7.0.3.Final.jar;C:\Users\anilk\.m2\reposit
Launcher Type: SUN_STANDARD

[Global flags]
     intx CICompilerCount                          = 4                                         {product} {ergonomic}
     uint ConcGCThreads                            = 2                                         {product} {ergonomic}
     uint G1ConcRefinementThreads                  = 8                                         {product} {ergonomic}
   size_t G1HeapRegionSize                         = 2097152                                   {product} {ergonomic}
    uintx GCDrainStackTargetSize                   = 64                                        {product} {ergonomic}
   size_t InitialHeapSize                          = 266338304                                 {product} {ergonomic}
   size_t MarkStackSize                            = 4194304                                   {product} {ergonomic}
   size_t MaxHeapSize                              = 4234149888                                {product} {ergonomic}
   size_t MaxNewSize                               = 2539651072                                {product} {ergonomic}
   size_t MinHeapDeltaBytes                        = 2097152                                   {product} {ergonomic}
   size_t MinHeapSize                              = 8388608                                   {product} {ergonomic}
    uintx NonProfiledCodeHeapSize                  = 0                                      {pd product} {ergonomic}
     bool ProfileInterpreter                       = false                                  {pd product} {command line}
    uintx ProfiledCodeHeapSize                     = 0                                      {pd product} {ergonomic}
   size_t SoftMaxHeapSize                          = 4234149888                             {manageable} {ergonomic}
     intx TieredStopAtLevel                        = 1                                         {product} {command line}
     bool UseCompressedClassPointers               = true                           {product lp64_product} {ergonomic}
     bool UseCompressedOops                        = true                           {product lp64_product} {ergonomic}
     bool UseG1GC                                  = true                                      {product} {ergonomic}
     bool UseLargePagesIndividualAllocation        = false                                  {pd product} {ergonomic}

Logging:
Log output configuration:
 #0: stdout all=warning uptime,level,tags
 #1: stderr all=off uptime,level,tags

Environment Variables:
PATH=C:\Program Files\Eclipse Adoptium\jdk-17.0.17.10-hotspot\bin;C:\app\anilk\product\21c\dbhomeXE\bin;C:\Python313\Scripts\;C:\Python313\;C:\WINDOWS\system32;C:\WINDOWS;C:\WINDOWS\System32\Wbem;C:\WINDOWS\System32\WindowsPowerShell\v1.0\;C:\WINDOWS\System32\OpenSSH\;C:\Program Files\HP\HP One Agent;C:\Program Files\nodejs\;C:\ProgramData\chocolatey\bin;C:\WINDOWS\system32;C:\WINDOWS;C:\WINDOWS\System32\Wbem;C:\WINDOWS\System32\WindowsPowerShell\v1.0\;C:\WINDOWS\System32\OpenSSH\;C:\Program Files\Git\cmd;C:\Program Files\WireGuard\;C:\Program Files\MySQL\MySQL Shell 8.0\bin\;C:\Users\anilk\AppData\Local\Microsoft\WindowsApps;C:\Users\anilk\AppData\Roaming\npm;C:\Users\anilk\AppData\Local\Programs\Microsoft VS Code\bin;C:\Users\anilk\AppData\Local\Programs\Antigravity\bin
USERNAME=anilk
TERM=xterm
OS=Windows_NT
PROCESSOR_IDENTIFIER=Intel64 Family 6 Model 140 Stepping 1, GenuineIntel
TMP=C:\Users\anilk\AppData\Local\Temp
TEMP=C:\Users\anilk\AppData\Local\Temp



Periodic native trim disabled


---------------  S Y S T E M  ---------------

OS:
 Windows 11 , 64 bit Build 26100 (10.0.26100.7705)
OS uptime: 4 days 1:05 hours
Hyper-V role detected

CPU: total 8 (initial active 8) (4 cores per cpu, 2 threads per core) family 6 model 140 stepping 1 microcode 0xbc, cx8, cmov, fxsr, ht, mmx, 3dnowpref, sse, sse2, sse3, ssse3, sse4.1, sse4.2, popcnt, lzcnt, tsc, tscinvbit, avx, avx2, aes, erms, clmul, bmi1, bmi2, adx, avx512f, avx512dq, avx512cd, avx512bw, avx512vl, sha, fma, vzeroupper, avx512_vpopcntdq, avx512_vpclmulqdq, avx512_vaes, avx512_vnni, clflush, clflushopt, clwb, avx512_vbmi2, avx512_vbmi, hv
Processor Information for all 8 processors :
  Max Mhz: 2419, Current Mhz: 2419, Mhz Limit: 2419

Memory: 4k page, system-wide physical 16151M (1293M free)
TotalPageFile size 32535M (AvailPageFile size 0M)
current process WorkingSet (physical memory assigned to process): 333M, peak: 564M
current process commit charge ("private bytes"): 403M, peak: 694M

vm_info: OpenJDK 64-Bit Server VM (17.0.17+10) for windows-amd64 JRE (17.0.17+10), built on Oct 21 2025 23:25:32 by "admin" with unknown MS VC++:1942

END.
